Component: ARM Compiler 5.06 update 6 (build 750) Tool: armlink [4d35ed]

==============================================================================

Section Cross References

    startup_stm32f40xx.o(RESET) refers to startup_stm32f40xx.o(STACK) for __initial_sp
    startup_stm32f40xx.o(RESET) refers to startup_stm32f40xx.o(.text) for Reset_Handler
    startup_stm32f40xx.o(RESET) refers to stm32f4xx_it.o(i.NMI_Handler) for NMI_Handler
    startup_stm32f40xx.o(RESET) refers to stm32f4xx_it.o(i.HardFault_Handler) for HardFault_Handler
    startup_stm32f40xx.o(RESET) refers to stm32f4xx_it.o(i.MemManage_Handler) for MemManage_Handler
    startup_stm32f40xx.o(RESET) refers to stm32f4xx_it.o(i.BusFault_Handler) for BusFault_Handler
    startup_stm32f40xx.o(RESET) refers to stm32f4xx_it.o(i.UsageFault_Handler) for UsageFault_Handler
    startup_stm32f40xx.o(RESET) refers to port.o(.emb_text) for SVC_Handler
    startup_stm32f40xx.o(RESET) refers to stm32f4xx_it.o(i.DebugMon_Handler) for DebugMon_Handler
    startup_stm32f40xx.o(RESET) refers to stm32f4xx_it.o(i.SysTick_Handler) for SysTick_Handler
    startup_stm32f40xx.o(RESET) refers to stm32f4xx_it.o(i.EXTI0_IRQHandler) for EXTI0_IRQHandler
    startup_stm32f40xx.o(RESET) refers to stm32f4xx_it.o(i.USART1_IRQHandler) for USART1_IRQHandler
    startup_stm32f40xx.o(RESET) refers to bsp_debug_usart.o(i.USART2_IRQHandler) for USART2_IRQHandler
    startup_stm32f40xx.o(RESET) refers to stm32f4xx_it.o(i.EXTI15_10_IRQHandler) for EXTI15_10_IRQHandler
    startup_stm32f40xx.o(RESET) refers to bsp_debug_usart.o(i.UART4_IRQHandler) for UART4_IRQHandler
    startup_stm32f40xx.o(RESET) refers to bsp_debug_usart.o(i.UART5_IRQHandler) for UART5_IRQHandler
    startup_stm32f40xx.o(RESET) refers to stm32f4xx_it.o(i.CAN2_RX0_IRQHandler) for CAN2_RX0_IRQHandler
    startup_stm32f40xx.o(.text) refers to system_stm32f4xx.o(i.SystemInit) for SystemInit
    startup_stm32f40xx.o(.text) refers to entry.o(.ARM.Collect$$$$00000000) for __main
    system_stm32f4xx.o(i.SystemCoreClockUpdate) refers to system_stm32f4xx.o(.data) for .data
    system_stm32f4xx.o(i.SystemInit) refers to system_stm32f4xx.o(i.SetSysClock) for SetSysClock
    stm32f4xx_adc.o(i.ADC_DeInit) refers to stm32f4xx_rcc.o(i.RCC_APB2PeriphResetCmd) for RCC_APB2PeriphResetCmd
    stm32f4xx_can.o(i.CAN_DeInit) refers to stm32f4xx_rcc.o(i.RCC_APB1PeriphResetCmd) for RCC_APB1PeriphResetCmd
    stm32f4xx_can.o(i.CAN_GetITStatus) refers to stm32f4xx_can.o(i.CheckITStatus) for CheckITStatus
    stm32f4xx_cryp.o(i.CRYP_DeInit) refers to stm32f4xx_rcc.o(i.RCC_AHB2PeriphResetCmd) for RCC_AHB2PeriphResetCmd
    stm32f4xx_cryp_aes.o(i.CRYP_AES_CBC) refers to stm32f4xx_cryp.o(i.CRYP_KeyStructInit) for CRYP_KeyStructInit
    stm32f4xx_cryp_aes.o(i.CRYP_AES_CBC) refers to stm32f4xx_cryp.o(i.CRYP_KeyInit) for CRYP_KeyInit
    stm32f4xx_cryp_aes.o(i.CRYP_AES_CBC) refers to stm32f4xx_cryp.o(i.CRYP_Init) for CRYP_Init
    stm32f4xx_cryp_aes.o(i.CRYP_AES_CBC) refers to stm32f4xx_cryp.o(i.CRYP_IVInit) for CRYP_IVInit
    stm32f4xx_cryp_aes.o(i.CRYP_AES_CBC) refers to stm32f4xx_cryp.o(i.CRYP_FIFOFlush) for CRYP_FIFOFlush
    stm32f4xx_cryp_aes.o(i.CRYP_AES_CBC) refers to stm32f4xx_cryp.o(i.CRYP_Cmd) for CRYP_Cmd
    stm32f4xx_cryp_aes.o(i.CRYP_AES_CBC) refers to stm32f4xx_cryp.o(i.CRYP_GetCmdStatus) for CRYP_GetCmdStatus
    stm32f4xx_cryp_aes.o(i.CRYP_AES_CBC) refers to stm32f4xx_cryp.o(i.CRYP_GetFlagStatus) for CRYP_GetFlagStatus
    stm32f4xx_cryp_aes.o(i.CRYP_AES_CBC) refers to stm32f4xx_cryp.o(i.CRYP_DataIn) for CRYP_DataIn
    stm32f4xx_cryp_aes.o(i.CRYP_AES_CBC) refers to stm32f4xx_cryp.o(i.CRYP_DataOut) for CRYP_DataOut
    stm32f4xx_cryp_aes.o(i.CRYP_AES_CCM) refers to stm32f4xx_cryp.o(i.CRYP_KeyStructInit) for CRYP_KeyStructInit
    stm32f4xx_cryp_aes.o(i.CRYP_AES_CCM) refers to stm32f4xx_cryp.o(i.CRYP_FIFOFlush) for CRYP_FIFOFlush
    stm32f4xx_cryp_aes.o(i.CRYP_AES_CCM) refers to stm32f4xx_cryp.o(i.CRYP_KeyInit) for CRYP_KeyInit
    stm32f4xx_cryp_aes.o(i.CRYP_AES_CCM) refers to stm32f4xx_cryp.o(i.CRYP_IVInit) for CRYP_IVInit
    stm32f4xx_cryp_aes.o(i.CRYP_AES_CCM) refers to stm32f4xx_cryp.o(i.CRYP_Init) for CRYP_Init
    stm32f4xx_cryp_aes.o(i.CRYP_AES_CCM) refers to stm32f4xx_cryp.o(i.CRYP_PhaseConfig) for CRYP_PhaseConfig
    stm32f4xx_cryp_aes.o(i.CRYP_AES_CCM) refers to stm32f4xx_cryp.o(i.CRYP_DataIn) for CRYP_DataIn
    stm32f4xx_cryp_aes.o(i.CRYP_AES_CCM) refers to stm32f4xx_cryp.o(i.CRYP_Cmd) for CRYP_Cmd
    stm32f4xx_cryp_aes.o(i.CRYP_AES_CCM) refers to stm32f4xx_cryp.o(i.CRYP_GetCmdStatus) for CRYP_GetCmdStatus
    stm32f4xx_cryp_aes.o(i.CRYP_AES_CCM) refers to stm32f4xx_cryp.o(i.CRYP_GetFlagStatus) for CRYP_GetFlagStatus
    stm32f4xx_cryp_aes.o(i.CRYP_AES_CCM) refers to stm32f4xx_cryp.o(i.CRYP_DataOut) for CRYP_DataOut
    stm32f4xx_cryp_aes.o(i.CRYP_AES_CTR) refers to stm32f4xx_cryp.o(i.CRYP_KeyStructInit) for CRYP_KeyStructInit
[...]
    ..\..\Libraries\STM32F4xx_StdPeriph_Driver\src\stm32f4xx_flash_ramfunc.c 0x00000000   Number         0  stm32f4xx_flash_ramfunc.o ABSOLUTE
    ..\..\Libraries\STM32F4xx_StdPeriph_Driver\src\stm32f4xx_fmpi2c.c 0x00000000   Number         0  stm32f4xx_fmpi2c.o ABSOLUTE
    ..\..\Libraries\STM32F4xx_StdPeriph_Driver\src\stm32f4xx_fsmc.c 0x00000000   Number         0  stm32f4xx_fsmc.o ABSOLUTE
    ..\..\Libraries\STM32F4xx_StdPeriph_Driver\src\stm32f4xx_gpio.c 0x00000000   Number         0  stm32f4xx_gpio.o ABSOLUTE
    ..\..\Libraries\STM32F4xx_StdPeriph_Driver\src\stm32f4xx_hash.c 0x00000000   Number         0  stm32f4xx_hash.o ABSOLUTE
    ..\..\Libraries\STM32F4xx_StdPeriph_Driver\src\stm32f4xx_hash_md5.c 0x00000000   Number         0  stm32f4xx_hash_md5.o ABSOLUTE
    ..\..\Libraries\STM32F4xx_StdPeriph_Driver\src\stm32f4xx_hash_sha1.c 0x00000000   Number         0  stm32f4xx_hash_sha1.o ABSOLUTE
    ..\..\Libraries\STM32F4xx_StdPeriph_Driver\src\stm32f4xx_i2c.c 0x00000000   Number         0  stm32f4xx_i2c.o ABSOLUTE
    ..\..\Libraries\STM32F4xx_StdPeriph_Driver\src\stm32f4xx_iwdg.c 0x00000000   Number         0  stm32f4xx_iwdg.o ABSOLUTE
    ..\..\Libraries\STM32F4xx_StdPeriph_Driver\src\stm32f4xx_pwr.c 0x00000000   Number         0  stm32f4xx_pwr.o ABSOLUTE
    ..\..\Libraries\STM32F4xx_StdPeriph_Driver\src\stm32f4xx_qspi.c 0x00000000   Number         0  stm32f4xx_qspi.o ABSOLUTE
    ..\..\Libraries\STM32F4xx_StdPeriph_Driver\src\stm32f4xx_rcc.c 0x00000000   Number         0  stm32f4xx_rcc.o ABSOLUTE
    ..\..\Libraries\STM32F4xx_StdPeriph_Driver\src\stm32f4xx_rng.c 0x00000000   Number         0  stm32f4xx_rng.o ABSOLUTE
    ..\..\Libraries\STM32F4xx_StdPeriph_Driver\src\stm32f4xx_rtc.c 0x00000000   Number         0  stm32f4xx_rtc.o ABSOLUTE
    ..\..\Libraries\STM32F4xx_StdPeriph_Driver\src\stm32f4xx_sai.c 0x00000000   Number         0  stm32f4xx_sai.o ABSOLUTE
    ..\..\Libraries\STM32F4xx_StdPeriph_Driver\src\stm32f4xx_sdio.c 0x00000000   Number         0  stm32f4xx_sdio.o ABSOLUTE
    ..\..\Libraries\STM32F4xx_StdPeriph_Driver\src\stm32f4xx_spdifrx.c 0x00000000   Number         0  stm32f4xx_spdifrx.o ABSOLUTE
    ..\..\Libraries\STM32F4xx_StdPeriph_Driver\src\stm32f4xx_spi.c 0x00000000   Number         0  stm32f4xx_spi.o ABSOLUTE
    ..\..\Libraries\STM32F4xx_StdPeriph_Driver\src\stm32f4xx_syscfg.c 0x00000000   Number         0  stm32f4xx_syscfg.o ABSOLUTE
    ..\..\Libraries\STM32F4xx_StdPeriph_Driver\src\stm32f4xx_tim.c 0x00000000   Number         0  stm32f4xx_tim.o ABSOLUTE
    ..\..\Libraries\STM32F4xx_StdPeriph_Driver\src\stm32f4xx_usart.c 0x00000000   Number         0  stm32f4xx_usart.o ABSOLUTE
    ..\..\Libraries\STM32F4xx_StdPeriph_Driver\src\stm32f4xx_wwdg.c 0x00000000   Number         0  stm32f4xx_wwdg.o ABSOLUTE
    ..\..\User\can\bsp_test_can.c            0x00000000   Number         0  bsp_test_can.o ABSOLUTE
    ..\..\User\delay\delay.c                 0x00000000   Number         0  delay.o ABSOLUTE
    ..\..\User\key\bsp_key.c                 0x00000000   Number         0  bsp_key.o ABSOLUTE
    ..\..\User\led\bsp_led.c                 0x00000000   Number         0  bsp_led.o ABSOLUTE
    ..\..\User\main.c                        0x00000000   Number         0  main.o ABSOLUTE
    ..\..\User\modbus\bsp_modbus.c           0x00000000   Number         0  bsp_modbus.o ABSOLUTE
    ..\..\User\robot_arm\bsp_robot_arm.c     0x00000000   Number         0  bsp_robot_arm.o ABSOLUTE
    ..\..\User\robot_gripper\bsp_robot_gripper.c 0x00000000   Number         0  bsp_robot_gripper.o ABSOLUTE
    ..\..\User\stm32f4xx_it.c                0x00000000   Number         0  stm32f4xx_it.o ABSOLUTE
    ..\..\User\usart\bsp_debug_usart.c       0x00000000   Number         0  bsp_debug_usart.o ABSOLUTE
    ..\\..\\FreeRTOS\\port\\MemMang\\heap_4.c 0x00000000   Number         0  heap_4.o ABSOLUTE
    ..\\..\\FreeRTOS\\port\\RVDS\\ARM_CM4F\\port.c 0x00000000   Number         0  port.o ABSOLUTE
    ..\\..\\FreeRTOS\\src\\croutine.c        0x00000000   Number         0  croutine.o ABSOLUTE
    ..\\..\\FreeRTOS\\src\\event_groups.c    0x00000000   Number         0  event_groups.o ABSOLUTE
    ..\\..\\FreeRTOS\\src\\list.c            0x00000000   Number         0  list.o ABSOLUTE
    ..\\..\\FreeRTOS\\src\\queue.c           0x00000000   Number         0  queue.o ABSOLUTE
    ..\\..\\FreeRTOS\\src\\tasks.c           0x00000000   Number         0  tasks.o ABSOLUTE
    ..\\..\\FreeRTOS\\src\\timers.c          0x00000000   Number         0  timers.o ABSOLUTE
    ..\\..\\Libraries\\CMSIS\\Device\\ST\\STM32F4xx\\Source\\Templates\\system_stm32f4xx.c 0x00000000   Number         0  system_stm32f4xx.o ABSOLUTE
    ..\\..\\Libraries\\STM32F4xx_StdPeriph_Driver\\src\\misc.c 0x00000000   Number         0  misc.o ABSOLUTE
    ..\\..\\Libraries\\STM32F4xx_StdPeriph_Driver\\src\\stm32f4xx_adc.c 0x00000000   Number         0  stm32f4xx_adc.o ABSOLUTE
    ..\\..\\Libraries\\STM32F4xx_StdPeriph_Driver\\src\\stm32f4xx_can.c 0x00000000   Number         0  stm32f4xx_can.o ABSOLUTE
    ..\\..\\Libraries\\STM32F4xx_StdPeriph_Driver\\src\\stm32f4xx_cec.c 0x00000000   Number         0  stm32f4xx_cec.o ABSOLUTE
    ..\\..\\Libraries\\STM32F4xx_StdPeriph_Driver\\src\\stm32f4xx_crc.c 0x00000000   Number         0  stm32f4xx_crc.o ABSOLUTE
    ..\\..\\Libraries\\STM32F4xx_StdPeriph_Driver\\src\\stm32f4xx_cryp.c 0x00000000   Number         0  stm32f4xx_cryp.o ABSOLUTE
    ..\\..\\Libraries\\STM32F4xx_StdPeriph_Driver\\src\\stm32f4xx_cryp_aes.c 0x00000000   Number         0  stm32f4xx_cryp_aes.o ABSOLUTE
    ..\\..\\Libraries\\STM32F4xx_StdPeriph_Driver\\src\\stm32f4xx_cryp_des.c 0x00000000   Number         0  stm32f4xx_cryp_des.o ABSOLUTE
    ..\\..\\Libraries\\STM32F4xx_StdPeriph_Driver\\src\\stm32f4xx_cryp_tdes.c 0x00000000   Number         0  stm32f4xx_cryp_tdes.o ABSOLUTE
    ..\\..\\Libraries\\STM32F4xx_StdPeriph_Driver\\src\\stm32f4xx_dac.c 0x00000000   Number         0  stm32f4xx_dac.o ABSOLUTE
    ..\\..\\Libraries\\STM32F4xx_StdPeriph_Driver\\src\\stm32f4xx_dbgmcu.c 0x00000000   Number         0  stm32f4xx_dbgmcu.o ABSOLUTE
    ..\\..\\Libraries\\STM32F4xx_StdPeriph_Driver\\src\\stm32f4xx_dcmi.c 0x00000000   Number         0  stm32f4xx_dcmi.o ABSOLUTE
    ..\\..\\Libraries\\STM32F4xx_StdPeriph_Driver\\src\\stm32f4xx_dma.c 0x00000000   Number         0  stm32f4xx_dma.o ABSOLUTE
    ..\\..\\Libraries\\STM32F4xx_StdPeriph_Driver\\src\\stm32f4xx_exti.c 0x00000000   Number         0  stm32f4xx_exti.o ABSOLUTE
    ..\\..\\Libraries\\STM32F4xx_StdPeriph_Driver\\src\\stm32f4xx_flash.c 0x00000000   Number         0  stm32f4xx_flash.o ABSOLUTE
    ..\\..\\Libraries\\STM32F4xx_StdPeriph_Driver\\src\\stm32f4xx_flash_ramfunc.c 0x00000000   Number         0  stm32f4xx_flash_ramfunc.o ABSOLUTE
    ..\\..\\Libraries\\STM32F4xx_StdPeriph_Driver\\src\\stm32f4xx_fmpi2c.c 0x00000000   Number         0  stm32f4xx_fmpi2c.o ABSOLUTE
    ..\\..\\Libraries\\STM32F4xx_StdPeriph_Driver\\src\\stm32f4xx_fsmc.c 0x00000000   Number         0  stm32f4xx_fsmc.o ABSOLUTE
    ..\\..\\Libraries\\STM32F4xx_StdPeriph_Driver\\src\\stm32f4xx_gpio.c 0x00000000   Number         0  stm32f4xx_gpio.o ABSOLUTE
    ..\\..\\Libraries\\STM32F4xx_StdPeriph_Driver\\src\\stm32f4xx_hash.c 0x00000000   Number         0  stm32f4xx_hash.o ABSOLUTE
    ..\\..\\Libraries\\STM32F4xx_StdPeriph_Driver\\src\\stm32f4xx_hash_md5.c 0x00000000   Number         0  stm32f4xx_hash_md5.o ABSOLUTE
    ..\\..\\Libraries\\STM32F4xx_StdPeriph_Driver\\src\\stm32f4xx_hash_sha1.c 0x00000000   Number         0  stm32f4xx_hash_sha1.o ABSOLUTE
    ..\\..\\Libraries\\STM32F4xx_StdPeriph_Driver\\src\\stm32f4xx_i2c.c 0x00000000   Number         0  stm32f4xx_i2c.o ABSOLUTE
    ..\\..\\Libraries\\STM32F4xx_StdPeriph_Driver\\src\\stm32f4xx_iwdg.c 0x00000000   Number         0  stm32f4xx_iwdg.o ABSOLUTE
    ..\\..\\Libraries\\STM32F4xx_StdPeriph_Driver\\src\\stm32f4xx_pwr.c 0x00000000   Number         0  stm32f4xx_pwr.o ABSOLUTE
    ..\\..\\Libraries\\STM32F4xx_StdPeriph_Driver\\src\\stm32f4xx_qspi.c 0x00000000   Number         0  stm32f4xx_qspi.o ABSOLUTE
    ..\\..\\Libraries\\STM32F4xx_StdPeriph_Driver\\src\\stm32f4xx_rcc.c 0x00000000   Number         0  stm32f4xx_rcc.o ABSOLUTE
    ..\\..\\Libraries\\STM32F4xx_StdPeriph_Driver\\src\\stm32f4xx_rng.c 0x00000000   Number         0  stm32f4xx_rng.o ABSOLUTE
    ..\\..\\Libraries\\STM32F4xx_StdPeriph_Driver\\src\\stm32f4xx_rtc.c 0x00000000   Number         0  stm32f4xx_rtc.o ABSOLUTE
    ..\\..\\Libraries\\STM32F4xx_StdPeriph_Driver\\src\\stm32f4xx_sai.c 0x00000000   Number         0  stm32f4xx_sai.o ABSOLUTE
    ..\\..\\Libraries\\STM32F4xx_StdPeriph_Driver\\src\\stm32f4xx_sdio.c 0x00000000   Number         0  stm32f4xx_sdio.o ABSOLUTE
    ..\\..\\Libraries\\STM32F4xx_StdPeriph_Driver\\src\\stm32f4xx_spdifrx.c 0x00000000   Number         0  stm32f4xx_spdifrx.o ABSOLUTE
    ..\\..\\Libraries\\STM32F4xx_StdPeriph_Driver\\src\\stm32f4xx_spi.c 0x00000000   Number         0  stm32f4xx_spi.o ABSOLUTE
    ..\\..\\Libraries\\STM32F4xx_StdPeriph_Driver\\src\\stm32f4xx_syscfg.c 0x00000000   Number         0  stm32f4xx_syscfg.o ABSOLUTE
    ..\\..\\Libraries\\STM32F4xx_StdPeriph_Driver\\src\\stm32f4xx_tim.c 0x00000000   Number         0  stm32f4xx_tim.o ABSOLUTE
    ..\\..\\Libraries\\STM32F4xx_StdPeriph_Driver\\src\\stm32f4xx_usart.c 0x00000000   Number         0  stm32f4xx_usart.o ABSOLUTE
    ..\\..\\Libraries\\STM32F4xx_StdPeriph_Driver\\src\\stm32f4xx_wwdg.c 0x00000000   Number         0  stm32f4xx_wwdg.o ABSOLUTE
    ..\\..\\User\\can\\bsp_test_can.c        0x00000000   Number         0  bsp_test_can.o ABSOLUTE
    ..\\..\\User\\delay\\delay.c             0x00000000   Number         0  delay.o ABSOLUTE
    ..\\..\\User\\key\\bsp_key.c             0x00000000   Number         0  bsp_key.o ABSOLUTE
    ..\\..\\User\\led\\bsp_led.c             0x00000000   Number         0  bsp_led.o ABSOLUTE
    ..\\..\\User\\main.c                     0x00000000   Number         0  main.o ABSOLUTE
    ..\\..\\User\\modbus\\bsp_modbus.c       0x00000000   Number         0  bsp_modbus.o ABSOLUTE
    ..\\..\\User\\robot_arm\\bsp_robot_arm.c 0x00000000   Number         0  bsp_robot_arm.o ABSOLUTE
    ..\\..\\User\\robot_gripper\\bsp_robot_gripper.c 0x00000000   Number         0  bsp_robot_gripper.o ABSOLUTE
    ..\\..\\User\\stm32f4xx_it.c             0x00000000   Number         0  stm32f4xx_it.o ABSOLUTE
    ..\\..\\User\\usart\\bsp_debug_usart.c   0x00000000   Number         0  bsp_debug_usart.o ABSOLUTE
    cdcmple.s                                0x00000000   Number         0  cdcmple.o ABSOLUTE
    cdrcmple.s                               0x00000000   Number         0  cdrcmple.o ABSOLUTE
    dc.s                                     0x00000000   Number         0  dc.o ABSOLUTE
    handlers.s                               0x00000000   Number         0  handlers.o ABSOLUTE
    init.s                                   0x00000000   Number         0  init.o ABSOLUTE
    RESET                                    0x08000000   Section      392  startup_stm32f40xx.o(RESET)
    .ARM.Collect$$$$00000000                 0x08000188   Section        0  entry.o(.ARM.Collect$$$$00000000)
    .ARM.Collect$$$$00000001                 0x08000188   Section        4  entry2.o(.ARM.Collect$$$$00000001)
    .ARM.Collect$$$$00000004                 0x0800018c   Section        4  entry5.o(.ARM.Collect$$$$00000004)
    .ARM.Collect$$$$00000008                 0x08000190   Section        0  entry7b.o(.ARM.Collect$$$$00000008)
    .ARM.Collect$$$$0000000A                 0x08000190   Section        0  entry8b.o(.ARM.Collect$$$$0000000A)
    .ARM.Collect$$$$0000000B                 0x08000190   Section        8  entry9a.o(.ARM.Collect$$$$0000000B)
    .ARM.Collect$$$$0000000D                 0x08000198   Section        0  entry10a.o(.ARM.Collect$$$$0000000D)
    .ARM.Collect$$$$0000000F                 0x08000198   Section        0  entry11a.o(.ARM.Collect$$$$0000000F)
    .ARM.Collect$$$$00002712                 0x08000198   Section        4  entry2.o(.ARM.Collect$$$$00002712)
    __lit__00000000                          0x08000198   Data           4  entry2.o(.ARM.Collect$$$$00002712)
    .emb_text                                0x0800019c   Section      182  port.o(.emb_text)
    $v0                                      0x0800019c   Number         0  port.o(.emb_text)
    .text                                    0x08000254   Section       36  startup_stm32f40xx.o(.text)
    $v0                                      0x08000254   Number         0  startup_stm32f40xx.o(.text)
    .text                                    0x08000278   Section        0  dadd.o(.text)
    .text                                    0x080003c6   Section        0  ddiv.o(.text)
    .text                                    0x080004a4   Section        0  dflti.o(.text)
    .text                                    0x080004c6   Section        0  dfltui.o(.text)
    .text                                    0x080004e0   Section        0  dfixi.o(.text)
    .text                                    0x08000520   Section       48  cdcmple.o(.text)
    .text                                    0x08000550   Section       48  cdrcmple.o(.text)
    .text                                    0x08000580   Section        0  uidiv.o(.text)
    .text                                    0x080005ac   Section        0  uldiv.o(.text)
    .text                                    0x0800060e   Section        0  llshl.o(.text)
    .text                                    0x0800062c   Section        0  llushr.o(.text)
    .text                                    0x0800064c   Section        0  llsshr.o(.text)
    .text                                    0x08000670   Section        0  iusefp.o(.text)
    .text                                    0x08000670   Section        0  depilogue.o(.text)
    .text                                    0x0800072a   Section        0  dmul.o(.text)
    .text                                    0x0800080e   Section        0  dfixul.o(.text)
    .text                                    0x08000840   Section       36  init.o(.text)
    i.AppTaskCreate                          0x08000864   Section        0  main.o(i.AppTaskCreate)
    AppTaskCreate                            0x08000865   Thumb Code   148  main.o(i.AppTaskCreate)
    i.BSP_Init                               0x080009c0   Section        0  main.o(i.BSP_Init)
    BSP_Init                                 0x080009c1   Thumb Code    34  main.o(i.BSP_Init)
    i.BSP_USART_Config                       0x080009e2   Section        0  bsp_debug_usart.o(i.BSP_USART_Config)
    i.BusFault_Handler                       0x08000a1a   Section        0  stm32f4xx_it.o(i.BusFault_Handler)
    i.CAMERA_Task                            0x08000a1c   Section        0  main.o(i.CAMERA_Task)
    CAMERA_Task                              0x08000a1d   Thumb Code   136  main.o(i.CAMERA_Task)
    i.CAMERA_USART_Config                    0x08000afc   Section        0  bsp_debug_usart.o(i.CAMERA_USART_Config)
    i.CAN2_RX0_IRQHandler                    0x08000bc0   Section        0  stm32f4xx_it.o(i.CAN2_RX0_IRQHandler)
    i.CAN_Config                             0x08000bfc   Section        0  bsp_test_can.o(i.CAN_Config)
    i.CAN_FilterInit                         0x08000cb0   Section        0  stm32f4xx_can.o(i.CAN_FilterInit)
    i.CAN_Filter_Config                      0x08000d84   Section        0  bsp_test_can.o(i.CAN_Filter_Config)
    i.CAN_GetITStatus                        0x08000dbc   Section        0  stm32f4xx_can.o(i.CAN_GetITStatus)
    i.CAN_ITConfig                           0x08000e88   Section        0  stm32f4xx_can.o(i.CAN_ITConfig)
    i.CAN_Init                               0x08000e9c   Section        0  stm32f4xx_can.o(i.CAN_Init)
    i.CAN_Receive                            0x08000fa0   Section        0  stm32f4xx_can.o(i.CAN_Receive)
    i.CAN_Transmit                           0x08001022   Section        0  stm32f4xx_can.o(i.CAN_Transmit)
    i.CAN_TransmitStatus                     0x080010d8   Section        0  stm32f4xx_can.o(i.CAN_TransmitStatus)
    i.CAR_CAN_Task                           0x08001160   Section        0  main.o(i.CAR_CAN_Task)
    CAR_CAN_Task                             0x08001161   Thumb Code    54  main.o(i.CAR_CAN_Task)
    i.CalCrcFast                             0x080011a8   Section        0  bsp_modbus.o(i.CalCrcFast)
    i.CheckITStatus                          0x080011d4   Section        0  stm32f4xx_can.o(i.CheckITStatus)
    CheckITStatus                            0x080011d5   Thumb Code    12  stm32f4xx_can.o(i.CheckITStatus)
    i.DebugMon_Handler                       0x080011e0   Section        0  stm32f4xx_it.o(i.DebugMon_Handler)
    i.Debug_USART_Config                     0x080011e4   Section        0  bsp_debug_usart.o(i.Debug_USART_Config)
    i.EXTI0_IRQHandler                       0x08001288   Section        0  stm32f4xx_it.o(i.EXTI0_IRQHandler)
    i.EXTI15_10_IRQHandler                   0x080012b4   Section        0  stm32f4xx_it.o(i.EXTI15_10_IRQHandler)
    i.EXTI_ClearITPendingBit                 0x080012e0   Section        0  stm32f4xx_exti.o(i.EXTI_ClearITPendingBit)
    i.EXTI_GetITStatus                       0x080012ec   Section        0  stm32f4xx_exti.o(i.EXTI_GetITStatus)
    i.EXTI_Init                              0x08001300   Section        0  stm32f4xx_exti.o(i.EXTI_Init)
    i.EXTI_Key_Config                        0x08001374   Section        0  bsp_key.o(i.EXTI_Key_Config)
    i.GPIO_Init                              0x080013f4   Section        0  stm32f4xx_gpio.o(i.GPIO_Init)
    i.GPIO_PinAFConfig                       0x08001470   Section        0  stm32f4xx_gpio.o(i.GPIO_PinAFConfig)
    i.Gripper_UART_Config                    0x08001490   Section        0  bsp_debug_usart.o(i.Gripper_UART_Config)
    i.HC_UART_Config                         0x0800153c   Section        0  bsp_debug_usart.o(i.HC_UART_Config)
    i.HardFault_Handler                      0x080015e0   Section        0  stm32f4xx_it.o(i.HardFault_Handler)
    i.LED_GPIO_Config                        0x080015e4   Section        0  bsp_led.o(i.LED_GPIO_Config)
    i.MemManage_Handler                      0x0800163c   Section        0  stm32f4xx_it.o(i.MemManage_Handler)
    i.NMI_Handler                            0x0800163e   Section        0  stm32f4xx_it.o(i.NMI_Handler)
    i.NVIC_Configuration                     0x08001640   Section        0  bsp_key.o(i.NVIC_Configuration)
    NVIC_Configuration                       0x08001641   Thumb Code    44  bsp_key.o(i.NVIC_Configuration)
    i.NVIC_Configuration                     0x0800166c   Section        0  bsp_debug_usart.o(i.NVIC_Configuration)
    NVIC_Configuration                       0x0800166d   Thumb Code   112  bsp_debug_usart.o(i.NVIC_Configuration)
    i.NVIC_Configuration                     0x080016dc   Section        0  bsp_test_can.o(i.NVIC_Configuration)
    NVIC_Configuration                       0x080016dd   Thumb Code    32  bsp_test_can.o(i.NVIC_Configuration)
    i.NVIC_Init                              0x080016fc   Section        0  misc.o(i.NVIC_Init)
    i.NVIC_PriorityGroupConfig               0x08001764   Section        0  misc.o(i.NVIC_PriorityGroupConfig)
    i.RCC_AHB1PeriphClockCmd                 0x08001778   Section        0  stm32f4xx_rcc.o(i.RCC_AHB1PeriphClockCmd)
    i.RCC_APB1PeriphClockCmd                 0x08001794   Section        0  stm32f4xx_rcc.o(i.RCC_APB1PeriphClockCmd)
    i.RCC_APB2PeriphClockCmd                 0x080017b0   Section        0  stm32f4xx_rcc.o(i.RCC_APB2PeriphClockCmd)
    i.RCC_GetClocksFreq                      0x080017cc   Section        0  stm32f4xx_rcc.o(i.RCC_GetClocksFreq)
    i.SCREEN_HC_Task                         0x08001870   Section        0  main.o(i.SCREEN_HC_Task)
    SCREEN_HC_Task                           0x08001871   Thumb Code   120  main.o(i.SCREEN_HC_Task)
    i.SCREEN_USART_Config                    0x08001928   Section        0  bsp_debug_usart.o(i.SCREEN_USART_Config)
    i.SYSCFG_EXTILineConfig                  0x08001a00   Section        0  stm32f4xx_syscfg.o(i.SYSCFG_EXTILineConfig)
    i.Send_Data_modbus                       0x08001a2c   Section        0  bsp_modbus.o(i.Send_Data_modbus)
    Send_Data_modbus                         0x08001a2d   Thumb Code    58  bsp_modbus.o(i.Send_Data_modbus)
    i.Send_Msg_toRobot_HoldReg               0x08001a6c   Section        0  bsp_modbus.o(i.Send_Msg_toRobot_HoldReg)
    i.SetSysClock                            0x08001bac   Section        0  system_stm32f4xx.o(i.SetSysClock)
    SetSysClock                              0x08001bad   Thumb Code   168  system_stm32f4xx.o(i.SetSysClock)
    i.SysTick_Handler                        0x08001c64   Section        0  stm32f4xx_it.o(i.SysTick_Handler)
    i.SystemInit                             0x08001c78   Section        0  system_stm32f4xx.o(i.SystemInit)
    i.UART4_IRQHandler                       0x08001cd4   Section        0  bsp_debug_usart.o(i.UART4_IRQHandler)
    i.UART5_IRQHandler                       0x08001d30   Section        0  bsp_debug_usart.o(i.UART5_IRQHandler)
    i.USART1_IRQHandler                      0x08001d70   Section        0  stm32f4xx_it.o(i.USART1_IRQHandler)
    i.USART2_IRQHandler                      0x08001da4   Section        0  bsp_debug_usart.o(i.USART2_IRQHandler)
    i.USART_Cmd                              0x08001e00   Section        0  stm32f4xx_usart.o(i.USART_Cmd)
    i.USART_GetFlagStatus                    0x08001e18   Section        0  stm32f4xx_usart.o(i.USART_GetFlagStatus)
    i.USART_GetITStatus                      0x08001e26   Section        0  stm32f4xx_usart.o(i.USART_GetITStatus)
    i.USART_ITConfig                         0x08001e66   Section        0  stm32f4xx_usart.o(i.USART_ITConfig)
    i.USART_Init                             0x08001e9c   Section        0  stm32f4xx_usart.o(i.USART_Init)
    i.USART_ReceiveData                      0x08001f58   Section        0  stm32f4xx_usart.o(i.USART_ReceiveData)
    i.USART_SendData                         0x08001f60   Section        0  stm32f4xx_usart.o(i.USART_SendData)
    i.UsageFault_Handler                     0x08001f68   Section        0  stm32f4xx_it.o(i.UsageFault_Handler)
    i.Usart_SendByte                         0x08001f6a   Section        0  bsp_debug_usart.o(i.Usart_SendByte)
    Usart_SendByte                           0x08001f6b   Thumb Code    24  bsp_debug_usart.o(i.Usart_SendByte)
    i.Usart_SendStr_length                   0x08001f82   Section        0  bsp_debug_usart.o(i.Usart_SendStr_length)
    i.Usart_SendString                       0x08001fa0   Section        0  bsp_debug_usart.o(i.Usart_SendString)
    i.__0printf                              0x08001fc8   Section        0  printfa.o(i.__0printf)
    i.__scatterload_copy                     0x08001fe8   Section       14  handlers.o(i.__scatterload_copy)
    i.__scatterload_null                     0x08001ff6   Section        2  handlers.o(i.__scatterload_null)
    i.__scatterload_zeroinit                 0x08001ff8   Section       14  handlers.o(i.__scatterload_zeroinit)
    i._fp_digits                             0x08002008   Section        0  printfa.o(i._fp_digits)
    _fp_digits                               0x08002009   Thumb Code   366  printfa.o(i._fp_digits)
    i._printf_core                           0x0800218c   Section        0  printfa.o(i._printf_core)
    _printf_core                             0x0800218d   Thumb Code  1744  printfa.o(i._printf_core)
    i._printf_post_padding                   0x08002868   Section        0  printfa.o(i._printf_post_padding)
    _printf_post_padding                     0x08002869   Thumb Code    36  printfa.o(i._printf_post_padding)
    i._printf_pre_padding                    0x0800288c   Section        0  printfa.o(i._printf_pre_padding)
    _printf_pre_padding                      0x0800288d   Thumb Code    46  printfa.o(i._printf_pre_padding)
    i.add_Speed                              0x080028bc   Section        0  bsp_test_can.o(i.add_Speed)
    i.car_Init                               0x080028fc   Section        0  bsp_test_can.o(i.car_Init)
    i.data2hex                               0x08002924   Section        0  bsp_modbus.o(i.data2hex)
    i.delay_us                               0x0800298a   Section        0  delay.o(i.delay_us)
    i.fputc                                  0x080029a0   Section        0  bsp_debug_usart.o(i.fputc)
    i.get_USART3                             0x080029c4   Section        0  bsp_debug_usart.o(i.get_USART3)
    i.init_Robot_Gripper                     0x080029f0   Section        0  bsp_robot_gripper.o(i.init_Robot_Gripper)
    i.judge_Screen_Res                       0x08002ab4   Section        0  bsp_debug_usart.o(i.judge_Screen_Res)
    i.left_Turn                              0x08002cb4   Section        0  bsp_test_can.o(i.left_Turn)
    i.main                                   0x08002d38   Section        0  main.o(i.main)
    i.prvAddCurrentTaskToDelayedList         0x08002dd4   Section        0  tasks.o(i.prvAddCurrentTaskToDelayedList)
    prvAddCurrentTaskToDelayedList           0x08002dd5   Thumb Code   104  tasks.o(i.prvAddCurrentTaskToDelayedList)
    i.prvAddNewTaskToReadyList               0x08002e44   Section        0  tasks.o(i.prvAddNewTaskToReadyList)
    prvAddNewTaskToReadyList                 0x08002e45   Thumb Code   124  tasks.o(i.prvAddNewTaskToReadyList)
    i.prvCheckTasksWaitingTermination        0x08002ecc   Section        0  tasks.o(i.prvCheckTasksWaitingTermination)
    prvCheckTasksWaitingTermination          0x08002ecd   Thumb Code    74  tasks.o(i.prvCheckTasksWaitingTermination)
    i.prvDeleteTCB                           0x08002f20   Section        0  tasks.o(i.prvDeleteTCB)
    prvDeleteTCB                             0x08002f21   Thumb Code    20  tasks.o(i.prvDeleteTCB)
    i.prvHeapInit                            0x08002f34   Section        0  heap_4.o(i.prvHeapInit)
    prvHeapInit                              0x08002f35   Thumb Code    68  heap_4.o(i.prvHeapInit)
    i.prvIdleTask                            0x08002f80   Section        0  tasks.o(i.prvIdleTask)
    prvIdleTask                              0x08002f81   Thumb Code    30  tasks.o(i.prvIdleTask)
    i.prvInitialiseNewQueue                  0x08002fa8   Section        0  queue.o(i.prvInitialiseNewQueue)
    prvInitialiseNewQueue                    0x08002fa9   Thumb Code    32  queue.o(i.prvInitialiseNewQueue)
    i.prvInitialiseNewTask                   0x08002fc8   Section        0  tasks.o(i.prvInitialiseNewTask)
    prvInitialiseNewTask                     0x08002fc9   Thumb Code   134  tasks.o(i.prvInitialiseNewTask)
    i.prvInitialiseTaskLists                 0x0800307c   Section        0  tasks.o(i.prvInitialiseTaskLists)
    prvInitialiseTaskLists                   0x0800307d   Thumb Code    74  tasks.o(i.prvInitialiseTaskLists)
    i.prvInsertBlockIntoFreeList             0x080030d4   Section        0  heap_4.o(i.prvInsertBlockIntoFreeList)
    prvInsertBlockIntoFreeList               0x080030d5   Thumb Code    78  heap_4.o(i.prvInsertBlockIntoFreeList)
    i.prvResetNextTaskUnblockTime            0x08003128   Section        0  tasks.o(i.prvResetNextTaskUnblockTime)
    prvResetNextTaskUnblockTime              0x08003129   Thumb Code    30  tasks.o(i.prvResetNextTaskUnblockTime)
    i.prvTaskExitError                       0x0800314c   Section        0  port.o(i.prvTaskExitError)
    prvTaskExitError                         0x0800314d   Thumb Code    36  port.o(i.prvTaskExitError)
    i.pvPortMalloc                           0x080031b0   Section        0  heap_4.o(i.pvPortMalloc)
    i.pxPortInitialiseStack                  0x080032bc   Section        0  port.o(i.pxPortInitialiseStack)
    i.right_Turn                             0x080032e0   Section        0  bsp_test_can.o(i.right_Turn)
    i.sandMassage                            0x08003364   Section        0  bsp_test_can.o(i.sandMassage)
    i.sand_Robot_Arm_Info                    0x08003418   Section        0  bsp_robot_arm.o(i.sand_Robot_Arm_Info)
    i.stop_Car                               0x080035a0   Section        0  bsp_test_can.o(i.stop_Car)
    i.sub_Speed                              0x080035c4   Section        0  bsp_test_can.o(i.sub_Speed)
    i.uxListRemove                           0x08003604   Section        0  list.o(i.uxListRemove)
    i.vListInitialise                        0x08003628   Section        0  list.o(i.vListInitialise)
    i.vListInitialiseItem                    0x0800363e   Section        0  list.o(i.vListInitialiseItem)
    i.vListInsert                            0x08003644   Section        0  list.o(i.vListInsert)
    i.vListInsertEnd                         0x08003674   Section        0  list.o(i.vListInsertEnd)
    i.vPortEnterCritical                     0x0800368c   Section        0  port.o(i.vPortEnterCritical)
    i.vPortExitCritical                      0x08003704   Section        0  port.o(i.vPortExitCritical)
    i.vPortFree                              0x0800376c   Section        0  heap_4.o(i.vPortFree)
    i.vPortSetupTimerInterrupt               0x08003808   Section        0  port.o(i.vPortSetupTimerInterrupt)
    i.vTaskDelay                             0x08003828   Section        0  tasks.o(i.vTaskDelay)
    i.vTaskDelayUntil                        0x080038a0   Section        0  tasks.o(i.vTaskDelayUntil)
    i.vTaskDelete                            0x0800395c   Section        0  tasks.o(i.vTaskDelete)
    i.vTaskStartScheduler                    0x08003a30   Section        0  tasks.o(i.vTaskStartScheduler)
    i.vTaskSuspendAll                        0x08003ac4   Section        0  tasks.o(i.vTaskSuspendAll)
    i.vTaskSwitchContext                     0x08003ad4   Section        0  tasks.o(i.vTaskSwitchContext)
    i.xPortStartScheduler                    0x08003b5c   Section        0  port.o(i.xPortStartScheduler)
    i.xPortSysTickHandler                    0x08003c6c   Section        0  port.o(i.xPortSysTickHandler)
    i.xQueueGenericCreate                    0x08003c98   Section        0  queue.o(i.xQueueGenericCreate)
    i.xQueueGenericReset                     0x08003d04   Section        0  queue.o(i.xQueueGenericReset)
    i.xTaskCreate                            0x08003db8   Section        0  tasks.o(i.xTaskCreate)
    i.xTaskGetSchedulerState                 0x08003e18   Section        0  tasks.o(i.xTaskGetSchedulerState)
    i.xTaskGetTickCount                      0x08003e34   Section        0  tasks.o(i.xTaskGetTickCount)
    i.xTaskIncrementTick                     0x08003e40   Section        0  tasks.o(i.xTaskIncrementTick)
    i.xTaskRemoveFromEventList               0x08003f34   Section        0  tasks.o(i.xTaskRemoveFromEventList)
    i.xTaskResumeAll                         0x08003fd8   Section        0  tasks.o(i.xTaskResumeAll)
    .constdata                               0x080040cc   Section      512  bsp_modbus.o(.constdata)
    .data                                    0x20000000   Section       20  system_stm32f4xx.o(.data)
    .data                                    0x20000014   Section       16  stm32f4xx_rcc.o(.data)
    APBAHBPrescTable                         0x20000014   Data          16  stm32f4xx_rcc.o(.data)
    .data                                    0x20000024   Section       24  main.o(.data)
    AppTaskCreate_Handle                     0x20000024   Data           4  main.o(.data)
    CAMERA_Task_Handle                       0x20000028   Data           4  main.o(.data)
    CAR_CAN_Task_Handle                      0x2000002c   Data           4  main.o(.data)
    PreviousWakeTime                         0x20000034   Data           4  main.o(.data)
    SCREEN_HC_Task_Handle                    0x20000038   Data           4  main.o(.data)
    .data                                    0x2000003c   Section        1  stm32f4xx_it.o(.data)
    .data                                    0x2000003d   Section        6  bsp_debug_usart.o(.data)
    .data                                    0x20000043   Section        1  bsp_debug_usart.o(.data)
    .data                                    0x20000044   Section        1  bsp_debug_usart.o(.data)
    .data                                    0x20000046   Section       12  bsp_test_can.o(.data)
    .data                                    0x20000052   Section        1  bsp_test_can.o(.data)
    .data                                    0x20000053   Section        8  bsp_modbus.o(.data)
    send_buff                                0x20000053   Data           8  bsp_modbus.o(.data)
    .data                                    0x2000005b   Section       84  bsp_robot_gripper.o(.data)
    test_init                                0x2000005b   Data          14  bsp_robot_gripper.o(.data)
    test0                                    0x20000069   Data          14  bsp_robot_gripper.o(.data)
    test1                                    0x20000077   Data          14  bsp_robot_gripper.o(.data)
    test2                                    0x20000085   Data          14  bsp_robot_gripper.o(.data)
    test3                                    0x20000093   Data          14  bsp_robot_gripper.o(.data)
    test4                                    0x200000a1   Data          14  bsp_robot_gripper.o(.data)
    .data                                    0x200000b0   Section       60  tasks.o(.data)
    uxDeletedTasksWaitingCleanUp             0x200000b4   Data           4  tasks.o(.data)
    uxCurrentNumberOfTasks                   0x200000b8   Data           4  tasks.o(.data)
    xTickCount                               0x200000bc   Data           4  tasks.o(.data)
    uxTopReadyPriority                       0x200000c0   Data           4  tasks.o(.data)
    xSchedulerRunning                        0x200000c4   Data           4  tasks.o(.data)
    uxPendedTicks                            0x200000c8   Data           4  tasks.o(.data)
    xYieldPending                            0x200000cc   Data           4  tasks.o(.data)
    xNumOfOverflows                          0x200000d0   Data           4  tasks.o(.data)
    uxTaskNumber                             0x200000d4   Data           4  tasks.o(.data)
    xNextTaskUnblockTime                     0x200000d8   Data           4  tasks.o(.data)
    xIdleTaskHandle                          0x200000dc   Data           4  tasks.o(.data)
    uxSchedulerSuspended                     0x200000e0   Data           4  tasks.o(.data)
    pxDelayedTaskList                        0x200000e4   Data           4  tasks.o(.data)
    pxOverflowDelayedTaskList                0x200000e8   Data           4  tasks.o(.data)
    .data                                    0x200000ec   Section       12  port.o(.data)
    ucMaxSysCallPriority                     0x200000ec   Data           1  port.o(.data)
    uxCriticalNesting                        0x200000f0   Data           4  port.o(.data)
    ulMaxPRIGROUPValue                       0x200000f4   Data           4  port.o(.data)
    .data                                    0x200000f8   Section       24  heap_4.o(.data)
    pxEnd                                    0x200000f8   Data           4  heap_4.o(.data)
    xFreeBytesRemaining                      0x200000fc   Data           4  heap_4.o(.data)
    xMinimumEverFreeBytesRemaining           0x20000100   Data           4  heap_4.o(.data)
    xBlockAllocatedBit                       0x20000104   Data           4  heap_4.o(.data)
    xStart                                   0x20000108   Data           8  heap_4.o(.data)
    .data                                    0x20000110   Section        4  stdout.o(.data)
    .bss                                     0x20000114   Section       60  bsp_debug_usart.o(.bss)
    .bss                                     0x20000150   Section       30  bsp_debug_usart.o(.bss)
    .bss                                     0x20000170   Section       20  bsp_test_can.o(.bss)
    .bss                                     0x20000184   Section       20  bsp_test_can.o(.bss)
    .bss                                     0x20000198   Section      740  tasks.o(.bss)
    pxReadyTasksLists                        0x20000198   Data         640  tasks.o(.bss)
    xDelayedTaskList1                        0x20000418   Data          20  tasks.o(.bss)
    xDelayedTaskList2                        0x2000042c   Data          20  tasks.o(.bss)
    xPendingReadyList                        0x20000440   Data          20  tasks.o(.bss)
    xTasksWaitingTermination                 0x20000454   Data          20  tasks.o(.bss)
    xSuspendedTaskList                       0x20000468   Data          20  tasks.o(.bss)
    .bss                                     0x2000047c   Section    36864  heap_4.o(.bss)
    ucHeap                                   0x2000047c   Data       36864  heap_4.o(.bss)
    STACK                                    0x20009480   Section     1024  startup_stm32f40xx.o(STACK)

    Global Symbols

    Symbol Name                              Value     Ov Type        Size  Object(Section)

    BuildAttributes$$THM_ISAv4$E$P$D$K$B$S$7EM$VFPi3$EXTD16$VFPS$VFMA$PE$A:L22UL41UL21$X:L11$S22US41US21$IEEE1$IW$USESV6$~STKCKD$USESV7$~SHL$OSPACE$ROPI$EBA8$MICROLIB$REQ8$PRES8$EABIv2 0x00000000   Number         0  anon$$obj.o ABSOLUTE
    __ARM_use_no_argv                        0x00000000   Number         0  main.o ABSOLUTE
    _printf_a                                0x00000000   Number         0  stubs.o ABSOLUTE
    _printf_c                                0x00000000   Number         0  stubs.o ABSOLUTE
    _printf_charcount                        0x00000000   Number         0  stubs.o ABSOLUTE
    _printf_d                                0x00000000   Number         0  stubs.o ABSOLUTE
    _printf_e                                0x00000000   Number         0  stubs.o ABSOLUTE
    _printf_f                                0x00000000   Number         0  stubs.o ABSOLUTE
    _printf_flags                            0x00000000   Number         0  stubs.o ABSOLUTE
    _printf_fp_dec                           0x00000000   Number         0  stubs.o ABSOLUTE
    _printf_fp_hex                           0x00000000   Number         0  stubs.o ABSOLUTE
    _printf_g                                0x00000000   Number         0  stubs.o ABSOLUTE
    _printf_i                                0x00000000   Number         0  stubs.o ABSOLUTE
    _printf_int_dec                          0x00000000   Number         0  stubs.o ABSOLUTE
    _printf_l                                0x00000000   Number         0  stubs.o ABSOLUTE
    _printf_lc                               0x00000000   Number         0  stubs.o ABSOLUTE
    _printf_ll                               0x00000000   Number         0  stubs.o ABSOLUTE
    _printf_lld                              0x00000000   Number         0  stubs.o ABSOLUTE
    _printf_lli                              0x00000000   Number         0  stubs.o ABSOLUTE
    _printf_llo                              0x00000000   Number         0  stubs.o ABSOLUTE
    _printf_llu                              0x00000000   Number         0  stubs.o ABSOLUTE
    _printf_llx                              0x00000000   Number         0  stubs.o ABSOLUTE
    _printf_longlong_dec                     0x00000000   Number         0  stubs.o ABSOLUTE
    _printf_longlong_hex                     0x00000000   Number         0  stubs.o ABSOLUTE
    _printf_longlong_oct                     0x00000000   Number         0  stubs.o ABSOLUTE
    _printf_ls                               0x00000000   Number         0  stubs.o ABSOLUTE
    _printf_mbtowc                           0x00000000   Number         0  stubs.o ABSOLUTE
    _printf_n                                0x00000000   Number         0  stubs.o ABSOLUTE
    _printf_o                                0x00000000   Number         0  stubs.o ABSOLUTE
    _printf_p                                0x00000000   Number         0  stubs.o ABSOLUTE
    _printf_percent                          0x00000000   Number         0  stubs.o ABSOLUTE
    _printf_pre_padding                      0x00000000   Number         0  stubs.o ABSOLUTE
    _printf_return_value                     0x00000000   Number         0  stubs.o ABSOLUTE
    _printf_s                                0x00000000   Number         0  stubs.o ABSOLUTE
    _printf_sizespec                         0x00000000   Number         0  stubs.o ABSOLUTE
    _printf_str                              0x00000000   Number         0  stubs.o ABSOLUTE
    _printf_truncate_signed                  0x00000000   Number         0  stubs.o ABSOLUTE
    _printf_truncate_unsigned                0x00000000   Number         0  stubs.o ABSOLUTE
    _printf_u                                0x00000000   Number         0  stubs.o ABSOLUTE
    _printf_wc                               0x00000000   Number         0  stubs.o ABSOLUTE
    _printf_wctomb                           0x00000000   Number         0  stubs.o ABSOLUTE
    _printf_widthprec                        0x00000000   Number         0  stubs.o ABSOLUTE
    _printf_x                                0x00000000   Number         0  stubs.o ABSOLUTE
    __cpp_initialize__aeabi_                  - Undefined Weak Reference
    __cxa_finalize                            - Undefined Weak Reference
    __decompress                              - Undefined Weak Reference
    _clock_init                               - Undefined Weak Reference
    _microlib_exit                            - Undefined Weak Reference
    __Vectors_Size                           0x00000188   Number         0  startup_stm32f40xx.o ABSOLUTE
    __Vectors                                0x08000000   Data           4  startup_stm32f40xx.o(RESET)
    __Vectors_End                            0x08000188   Data           0  startup_stm32f40xx.o(RESET)
    __main                                   0x08000189   Thumb Code     0  entry.o(.ARM.Collect$$$$00000000)
    _main_stk                                0x08000189   Thumb Code     0  entry2.o(.ARM.Collect$$$$00000001)
    _main_scatterload                        0x0800018d   Thumb Code     0  entry5.o(.ARM.Collect$$$$00000004)
    __main_after_scatterload                 0x08000191   Thumb Code     0  entry5.o(.ARM.Collect$$$$00000004)
    _main_clock                              0x08000191   Thumb Code     0  entry7b.o(.ARM.Collect$$$$00000008)
    _main_cpp_init                           0x08000191   Thumb Code     0  entry8b.o(.ARM.Collect$$$$0000000A)
    _main_init                               0x08000191   Thumb Code     0  entry9a.o(.ARM.Collect$$$$0000000B)
    __rt_final_cpp                           0x08000199   Thumb Code     0  entry10a.o(.ARM.Collect$$$$0000000D)
    __rt_final_exit                          0x08000199   Thumb Code     0  entry11a.o(.ARM.Collect$$$$0000000F)
    SVC_Handler                              0x0800019d   Thumb Code    28  port.o(.emb_text)
    __asm___6_port_c_39a90d8d__prvStartFirstTask 0x080001bd   Thumb Code    28  port.o(.emb_text)
    __asm___6_port_c_39a90d8d__prvEnableVFP  0x080001dd   Thumb Code    16  port.o(.emb_text)
    PendSV_Handler                           0x080001f1   Thumb Code    88  port.o(.emb_text)
    vPortGetIPSR                             0x0800024d   Thumb Code     6  port.o(.emb_text)
    Reset_Handler                            0x08000255   Thumb Code     8  startup_stm32f40xx.o(.text)
    ADC_IRQHandler                           0x0800026f   Thumb Code     0  startup_stm32f40xx.o(.text)
    CAN1_RX0_IRQHandler                      0x0800026f   Thumb Code     0  startup_stm32f40xx.o(.text)
    CAN1_RX1_IRQHandler                      0x0800026f   Thumb Code     0  startup_stm32f40xx.o(.text)
    CAN1_SCE_IRQHandler                      0x0800026f   Thumb Code     0  startup_stm32f40xx.o(.text)
    CAN1_TX_IRQHandler                       0x0800026f   Thumb Code     0  startup_stm32f40xx.o(.text)
    CAN2_RX1_IRQHandler                      0x0800026f   Thumb Code     0  startup_stm32f40xx.o(.text)
    CAN2_SCE_IRQHandler                      0x0800026f   Thumb Code     0  startup_stm32f40xx.o(.text)
    CAN2_TX_IRQHandler                       0x0800026f   Thumb Code     0  startup_stm32f40xx.o(.text)
    CRYP_IRQHandler                          0x0800026f   Thumb Code     0  startup_stm32f40xx.o(.text)
    DCMI_IRQHandler                          0x0800026f   Thumb Code     0  startup_stm32f40xx.o(.text)
    DMA1_Stream0_IRQHandler                  0x0800026f   Thumb Code     0  startup_stm32f40xx.o(.text)
    DMA1_Stream1_IRQHandler                  0x0800026f   Thumb Code     0  startup_stm32f40xx.o(.text)
    DMA1_Stream2_IRQHandler                  0x0800026f   Thumb Code     0  startup_stm32f40xx.o(.text)
    DMA1_Stream3_IRQHandler                  0x0800026f   Thumb Code     0  startup_stm32f40xx.o(.text)
    DMA1_Stream4_IRQHandler                  0x0800026f   Thumb Code     0  startup_stm32f40xx.o(.text)
    DMA1_Stream5_IRQHandler                  0x0800026f   Thumb Code     0  startup_stm32f40xx.o(.text)
    DMA1_Stream6_IRQHandler                  0x0800026f   Thumb Code     0  startup_stm32f40xx.o(.text)
    DMA1_Stream7_IRQHandler                  0x0800026f   Thumb Code     0  startup_stm32f40xx.o(.text)
    DMA2_Stream0_IRQHandler                  0x0800026f   Thumb Code     0  startup_stm32f40xx.o(.text)
    DMA2_Stream1_IRQHandler                  0x0800026f   Thumb Code     0  startup_stm32f40xx.o(.text)
    DMA2_Stream2_IRQHandler                  0x0800026f   Thumb Code     0  startup_stm32f40xx.o(.text)
    DMA2_Stream3_IRQHandler                  0x0800026f   Thumb Code     0  startup_stm32f40xx.o(.text)
    DMA2_Stream4_IRQHandler                  0x0800026f   Thumb Code     0  startup_stm32f40xx.o(.text)
    DMA2_Stream5_IRQHandler                  0x0800026f   Thumb Code     0  startup_stm32f40xx.o(.text)
    DMA2_Stream6_IRQHandler                  0x0800026f   Thumb Code     0  startup_stm32f40xx.o(.text)
    DMA2_Stream7_IRQHandler                  0x0800026f   Thumb Code     0  startup_stm32f40xx.o(.text)
    ETH_IRQHandler                           0x0800026f   Thumb Code     0  startup_stm32f40xx.o(.text)
    ETH_WKUP_IRQHandler                      0x0800026f   Thumb Code     0  startup_stm32f40xx.o(.text)
    EXTI1_IRQHandler                         0x0800026f   Thumb Code     0  startup_stm32f40xx.o(.text)
    EXTI2_IRQHandler                         0x0800026f   Thumb Code     0  startup_stm32f40xx.o(.text)
    EXTI3_IRQHandler                         0x0800026f   Thumb Code     0  startup_stm32f40xx.o(.text)
    EXTI4_IRQHandler                         0x0800026f   Thumb Code     0  startup_stm32f40xx.o(.text)
    EXTI9_5_IRQHandler                       0x0800026f   Thumb Code     0  startup_stm32f40xx.o(.text)
    FLASH_IRQHandler                         0x0800026f   Thumb Code     0  startup_stm32f40xx.o(.text)
    FPU_IRQHandler                           0x0800026f   Thumb Code     0  startup_stm32f40xx.o(.text)
    FSMC_IRQHandler                          0x0800026f   Thumb Code     0  startup_stm32f40xx.o(.text)
    HASH_RNG_IRQHandler                      0x0800026f   Thumb Code     0  startup_stm32f40xx.o(.text)
    I2C1_ER_IRQHandler                       0x0800026f   Thumb Code     0  startup_stm32f40xx.o(.text)
    I2C1_EV_IRQHandler                       0x0800026f   Thumb Code     0  startup_stm32f40xx.o(.text)
    I2C2_ER_IRQHandler                       0x0800026f   Thumb Code     0  startup_stm32f40xx.o(.text)
    I2C2_EV_IRQHandler                       0x0800026f   Thumb Code     0  startup_stm32f40xx.o(.text)
    I2C3_ER_IRQHandler                       0x0800026f   Thumb Code     0  startup_stm32f40xx.o(.text)
    I2C3_EV_IRQHandler                       0x0800026f   Thumb Code     0  startup_stm32f40xx.o(.text)
    OTG_FS_IRQHandler                        0x0800026f   Thumb Code     0  startup_stm32f40xx.o(.text)
    OTG_FS_WKUP_IRQHandler                   0x0800026f   Thumb Code     0  startup_stm32f40xx.o(.text)
    OTG_HS_EP1_IN_IRQHandler                 0x0800026f   Thumb Code     0  startup_stm32f40xx.o(.text)
    OTG_HS_EP1_OUT_IRQHandler                0x0800026f   Thumb Code     0  startup_stm32f40xx.o(.text)
    OTG_HS_IRQHandler                        0x0800026f   Thumb Code     0  startup_stm32f40xx.o(.text)
    OTG_HS_WKUP_IRQHandler                   0x0800026f   Thumb Code     0  startup_stm32f40xx.o(.text)
    PVD_IRQHandler                           0x0800026f   Thumb Code     0  startup_stm32f40xx.o(.text)
    RCC_IRQHandler                           0x0800026f   Thumb Code     0  startup_stm32f40xx.o(.text)
    RTC_Alarm_IRQHandler                     0x0800026f   Thumb Code     0  startup_stm32f40xx.o(.text)
    RTC_WKUP_IRQHandler                      0x0800026f   Thumb Code     0  startup_stm32f40xx.o(.text)
    SDIO_IRQHandler                          0x0800026f   Thumb Code     0  startup_stm32f40xx.o(.text)
    SPI1_IRQHandler                          0x0800026f   Thumb Code     0  startup_stm32f40xx.o(.text)
    SPI2_IRQHandler                          0x0800026f   Thumb Code     0  startup_stm32f40xx.o(.text)
    SPI3_IRQHandler                          0x0800026f   Thumb Code     0  startup_stm32f40xx.o(.text)
    TAMP_STAMP_IRQHandler                    0x0800026f   Thumb Code     0  startup_stm32f40xx.o(.text)
    TIM1_BRK_TIM9_IRQHandler                 0x0800026f   Thumb Code     0  startup_stm32f40xx.o(.text)
    TIM1_CC_IRQHandler                       0x0800026f   Thumb Code     0  startup_stm32f40xx.o(.text)
    TIM1_TRG_COM_TIM11_IRQHandler            0x0800026f   Thumb Code     0  startup_stm32f40xx.o(.text)
    TIM1_UP_TIM10_IRQHandler                 0x0800026f   Thumb Code     0  startup_stm32f40xx.o(.text)
    TIM2_IRQHandler                          0x0800026f   Thumb Code     0  startup_stm32f40xx.o(.text)
    TIM3_IRQHandler                          0x0800026f   Thumb Code     0  startup_stm32f40xx.o(.text)
    TIM4_IRQHandler                          0x0800026f   Thumb Code     0  startup_stm32f40xx.o(.text)
    TIM5_IRQHandler                          0x0800026f   Thumb Code     0  startup_stm32f40xx.o(.text)
    TIM6_DAC_IRQHandler                      0x0800026f   Thumb Code     0  startup_stm32f40xx.o(.text)
    TIM7_IRQHandler                          0x0800026f   Thumb Code     0  startup_stm32f40xx.o(.text)
    TIM8_BRK_TIM12_IRQHandler                0x0800026f   Thumb Code     0  startup_stm32f40xx.o(.text)
    TIM8_CC_IRQHandler                       0x0800026f   Thumb Code     0  startup_stm32f40xx.o(.text)
    TIM8_TRG_COM_TIM14_IRQHandler            0x0800026f   Thumb Code     0  startup_stm32f40xx.o(.text)
    TIM8_UP_TIM13_IRQHandler                 0x0800026f   Thumb Code     0  startup_stm32f40xx.o(.text)
    USART3_IRQHandler                        0x0800026f   Thumb Code     0  startup_stm32f40xx.o(.text)
    USART6_IRQHandler                        0x0800026f   Thumb Code     0  startup_stm32f40xx.o(.text)
    WWDG_IRQHandler                          0x0800026f   Thumb Code     0  startup_stm32f40xx.o(.text)
    __aeabi_dadd                             0x08000279   Thumb Code   322  dadd.o(.text)
    __aeabi_dsub                             0x080003bb   Thumb Code     6  dadd.o(.text)
    __aeabi_drsub                            0x080003c1   Thumb Code     6  dadd.o(.text)
    __aeabi_ddiv                             0x080003c7   Thumb Code   222  ddiv.o(.text)
    __aeabi_i2d                              0x080004a5   Thumb Code    34  dflti.o(.text)
    __aeabi_ui2d                             0x080004c7   Thumb Code    26  dfltui.o(.text)
    __aeabi_d2iz                             0x080004e1   Thumb Code    62  dfixi.o(.text)
    __aeabi_cdcmpeq                          0x08000521   Thumb Code     0  cdcmple.o(.text)
    __aeabi_cdcmple                          0x08000521   Thumb Code    48  cdcmple.o(.text)
    __aeabi_cdrcmple                         0x08000551   Thumb Code    48  cdrcmple.o(.text)
    __aeabi_uidiv                            0x08000581   Thumb Code     0  uidiv.o(.text)
    __aeabi_uidivmod                         0x08000581   Thumb Code    44  uidiv.o(.text)
    __aeabi_uldivmod                         0x080005ad   Thumb Code    98  uldiv.o(.text)
    __aeabi_llsl                             0x0800060f   Thumb Code    30  llshl.o(.text)
    _ll_shift_l                              0x0800060f   Thumb Code     0  llshl.o(.text)
    __aeabi_llsr                             0x0800062d   Thumb Code    32  llushr.o(.text)
    _ll_ushift_r                             0x0800062d   Thumb Code     0  llushr.o(.text)
    __aeabi_lasr                             0x0800064d   Thumb Code    36  llsshr.o(.text)
    _ll_sshift_r                             0x0800064d   Thumb Code     0  llsshr.o(.text)
    __I$use$fp                               0x08000671   Thumb Code     0  iusefp.o(.text)
    _double_round                            0x08000671   Thumb Code    30  depilogue.o(.text)
    _double_epilogue                         0x0800068f   Thumb Code   156  depilogue.o(.text)
    __aeabi_dmul                             0x0800072b   Thumb Code   228  dmul.o(.text)
    __aeabi_d2ulz                            0x0800080f   Thumb Code    48  dfixul.o(.text)
    __scatterload                            0x08000841   Thumb Code    28  init.o(.text)
    __scatterload_rt2                        0x08000841   Thumb Code     0  init.o(.text)
    BSP_USART_Config                         0x080009e3   Thumb Code    56  bsp_debug_usart.o(i.BSP_USART_Config)
    BusFault_Handler                         0x08000a1b   Thumb Code     2  stm32f4xx_it.o(i.BusFault_Handler)
    CAMERA_USART_Config                      0x08000afd   Thumb Code   188  bsp_debug_usart.o(i.CAMERA_USART_Config)
    CAN2_RX0_IRQHandler                      0x08000bc1   Thumb Code    48  stm32f4xx_it.o(i.CAN2_RX0_IRQHandler)
    CAN_Config                               0x08000bfd   Thumb Code   170  bsp_test_can.o(i.CAN_Config)
    CAN_FilterInit                           0x08000cb1   Thumb Code   202  stm32f4xx_can.o(i.CAN_FilterInit)
    CAN_Filter_Config                        0x08000d85   Thumb Code    56  bsp_test_can.o(i.CAN_Filter_Config)
    CAN_GetITStatus                          0x08000dbd   Thumb Code   200  stm32f4xx_can.o(i.CAN_GetITStatus)
    CAN_ITConfig                             0x08000e89   Thumb Code    20  stm32f4xx_can.o(i.CAN_ITConfig)
    CAN_Init                                 0x08000e9d   Thumb Code   260  stm32f4xx_can.o(i.CAN_Init)
    CAN_Receive                              0x08000fa1   Thumb Code   130  stm32f4xx_can.o(i.CAN_Receive)
    CAN_Transmit                             0x08001023   Thumb Code   182  stm32f4xx_can.o(i.CAN_Transmit)
    CAN_TransmitStatus                       0x080010d9   Thumb Code   116  stm32f4xx_can.o(i.CAN_TransmitStatus)
    CalCrcFast                               0x080011a9   Thumb Code    38  bsp_modbus.o(i.CalCrcFast)
    DebugMon_Handler                         0x080011e1   Thumb Code     2  stm32f4xx_it.o(i.DebugMon_Handler)
    Debug_USART_Config                       0x080011e5   Thumb Code   156  bsp_debug_usart.o(i.Debug_USART_Config)
    EXTI0_IRQHandler                         0x08001289   Thumb Code    36  stm32f4xx_it.o(i.EXTI0_IRQHandler)
    EXTI15_10_IRQHandler                     0x080012b5   Thumb Code    38  stm32f4xx_it.o(i.EXTI15_10_IRQHandler)
    EXTI_ClearITPendingBit                   0x080012e1   Thumb Code     6  stm32f4xx_exti.o(i.EXTI_ClearITPendingBit)
    EXTI_GetITStatus                         0x080012ed   Thumb Code    16  stm32f4xx_exti.o(i.EXTI_GetITStatus)
    EXTI_Init                                0x08001301   Thumb Code   110  stm32f4xx_exti.o(i.EXTI_Init)
    EXTI_Key_Config                          0x08001375   Thumb Code   120  bsp_key.o(i.EXTI_Key_Config)
    GPIO_Init                                0x080013f5   Thumb Code   124  stm32f4xx_gpio.o(i.GPIO_Init)
    GPIO_PinAFConfig                         0x08001471   Thumb Code    32  stm32f4xx_gpio.o(i.GPIO_PinAFConfig)
    Gripper_UART_Config                      0x08001491   Thumb Code   158  bsp_debug_usart.o(i.Gripper_UART_Config)
    HC_UART_Config                           0x0800153d   Thumb Code   156  bsp_debug_usart.o(i.HC_UART_Config)
    HardFault_Handler                        0x080015e1   Thumb Code     2  stm32f4xx_it.o(i.HardFault_Handler)
    LED_GPIO_Config                          0x080015e5   Thumb Code    84  bsp_led.o(i.LED_GPIO_Config)
    MemManage_Handler                        0x0800163d   Thumb Code     2  stm32f4xx_it.o(i.MemManage_Handler)
    NMI_Handler                              0x0800163f   Thumb Code     2  stm32f4xx_it.o(i.NMI_Handler)
    NVIC_Init                                0x080016fd   Thumb Code    98  misc.o(i.NVIC_Init)
    NVIC_PriorityGroupConfig                 0x08001765   Thumb Code    10  misc.o(i.NVIC_PriorityGroupConfig)
    RCC_AHB1PeriphClockCmd                   0x08001779   Thumb Code    22  stm32f4xx_rcc.o(i.RCC_AHB1PeriphClockCmd)
    RCC_APB1PeriphClockCmd                   0x08001795   Thumb Code    22  stm32f4xx_rcc.o(i.RCC_APB1PeriphClockCmd)
    RCC_APB2PeriphClockCmd                   0x080017b1   Thumb Code    22  stm32f4xx_rcc.o(i.RCC_APB2PeriphClockCmd)
    RCC_GetClocksFreq                        0x080017cd   Thumb Code   148  stm32f4xx_rcc.o(i.RCC_GetClocksFreq)
    SCREEN_USART_Config                      0x08001929   Thumb Code   206  bsp_debug_usart.o(i.SCREEN_USART_Config)
    SYSCFG_EXTILineConfig                    0x08001a01   Thumb Code    38  stm32f4xx_syscfg.o(i.SYSCFG_EXTILineConfig)
    Send_Msg_toRobot_HoldReg                 0x08001a6d   Thumb Code   266  bsp_modbus.o(i.Send_Msg_toRobot_HoldReg)
    SysTick_Handler                          0x08001c65   Thumb Code    20  stm32f4xx_it.o(i.SysTick_Handler)
    SystemInit                               0x08001c79   Thumb Code    74  system_stm32f4xx.o(i.SystemInit)
    UART4_IRQHandler                         0x08001cd5   Thumb Code    76  bsp_debug_usart.o(i.UART4_IRQHandler)
    UART5_IRQHandler                         0x08001d31   Thumb Code    50  bsp_debug_usart.o(i.UART5_IRQHandler)
    USART1_IRQHandler                        0x08001d71   Thumb Code    42  stm32f4xx_it.o(i.USART1_IRQHandler)
    USART2_IRQHandler                        0x08001da5   Thumb Code    76  bsp_debug_usart.o(i.USART2_IRQHandler)
    USART_Cmd                                0x08001e01   Thumb Code    24  stm32f4xx_usart.o(i.USART_Cmd)
    USART_GetFlagStatus                      0x08001e19   Thumb Code    14  stm32f4xx_usart.o(i.USART_GetFlagStatus)
    USART_GetITStatus                        0x08001e27   Thumb Code    64  stm32f4xx_usart.o(i.USART_GetITStatus)
    USART_ITConfig                           0x08001e67   Thumb Code    54  stm32f4xx_usart.o(i.USART_ITConfig)
    USART_Init                               0x08001e9d   Thumb Code   180  stm32f4xx_usart.o(i.USART_Init)
    USART_ReceiveData                        0x08001f59   Thumb Code     8  stm32f4xx_usart.o(i.USART_ReceiveData)
    USART_SendData                           0x08001f61   Thumb Code     8  stm32f4xx_usart.o(i.USART_SendData)
    UsageFault_Handler                       0x08001f69   Thumb Code     2  stm32f4xx_it.o(i.UsageFault_Handler)
    Usart_SendStr_length                     0x08001f83   Thumb Code    30  bsp_debug_usart.o(i.Usart_SendStr_length)
    Usart_SendString                         0x08001fa1   Thumb Code    38  bsp_debug_usart.o(i.Usart_SendString)
    __0printf                                0x08001fc9   Thumb Code    22  printfa.o(i.__0printf)
    __1printf                                0x08001fc9   Thumb Code     0  printfa.o(i.__0printf)
    __2printf                                0x08001fc9   Thumb Code     0  printfa.o(i.__0printf)
    __c89printf                              0x08001fc9   Thumb Code     0  printfa.o(i.__0printf)
    printf                                   0x08001fc9   Thumb Code     0  printfa.o(i.__0printf)
    __scatterload_copy                       0x08001fe9   Thumb Code    14  handlers.o(i.__scatterload_copy)
    __scatterload_null                       0x08001ff7   Thumb Code     2  handlers.o(i.__scatterload_null)
    __scatterload_zeroinit                   0x08001ff9   Thumb Code    14  handlers.o(i.__scatterload_zeroinit)
    add_Speed                                0x080028bd   Thumb Code    58  bsp_test_can.o(i.add_Speed)
    car_Init                                 0x080028fd   Thumb Code    34  bsp_test_can.o(i.car_Init)
    data2hex                                 0x08002925   Thumb Code   102  bsp_modbus.o(i.data2hex)
    delay_us                                 0x0800298b   Thumb Code    20  delay.o(i.delay_us)
    fputc                                    0x080029a1   Thumb Code    30  bsp_debug_usart.o(i.fputc)
    get_USART3                               0x080029c5   Thumb Code    40  bsp_debug_usart.o(i.get_USART3)
    init_Robot_Gripper                       0x080029f1   Thumb Code   178  bsp_robot_gripper.o(i.init_Robot_Gripper)
    judge_Screen_Res                         0x08002ab5   Thumb Code   286  bsp_debug_usart.o(i.judge_Screen_Res)
    left_Turn                                0x08002cb5   Thumb Code   100  bsp_test_can.o(i.left_Turn)
    main                                     0x08002d39   Thumb Code    68  main.o(i.main)
    pvPortMalloc                             0x080031b1   Thumb Code   206  heap_4.o(i.pvPortMalloc)
    pxPortInitialiseStack                    0x080032bd   Thumb Code    30  port.o(i.pxPortInitialiseStack)
    right_Turn                               0x080032e1   Thumb Code   102  bsp_test_can.o(i.right_Turn)
    sandMassage                              0x08003365   Thumb Code   124  bsp_test_can.o(i.sandMassage)
    sand_Robot_Arm_Info                      0x08003419   Thumb Code   314  bsp_robot_arm.o(i.sand_Robot_Arm_Info)
    stop_Car                                 0x080035a1   Thumb Code    32  bsp_test_can.o(i.stop_Car)
    sub_Speed                                0x080035c5   Thumb Code    58  bsp_test_can.o(i.sub_Speed)
    uxListRemove                             0x08003605   Thumb Code    36  list.o(i.uxListRemove)
    vListInitialise                          0x08003629   Thumb Code    22  list.o(i.vListInitialise)
    vListInitialiseItem                      0x0800363f   Thumb Code     6  list.o(i.vListInitialiseItem)
    vListInsert                              0x08003645   Thumb Code    48  list.o(i.vListInsert)
    vListInsertEnd                           0x08003675   Thumb Code    24  list.o(i.vListInsertEnd)
    vPortEnterCritical                       0x0800368d   Thumb Code    50  port.o(i.vPortEnterCritical)
    vPortExitCritical                        0x08003705   Thumb Code    38  port.o(i.vPortExitCritical)
    vPortFree                                0x0800376d   Thumb Code    94  heap_4.o(i.vPortFree)
    vPortSetupTimerInterrupt                 0x08003809   Thumb Code    26  port.o(i.vPortSetupTimerInterrupt)
    vTaskDelay                               0x08003829   Thumb Code    66  tasks.o(i.vTaskDelay)
    vTaskDelayUntil                          0x080038a1   Thumb Code   134  tasks.o(i.vTaskDelayUntil)
    vTaskDelete                              0x0800395d   Thumb Code   152  tasks.o(i.vTaskDelete)
    vTaskStartScheduler                      0x08003a31   Thumb Code    88  tasks.o(i.vTaskStartScheduler)
    vTaskSuspendAll                          0x08003ac5   Thumb Code    10  tasks.o(i.vTaskSuspendAll)
    vTaskSwitchContext                       0x08003ad5   Thumb Code    84  tasks.o(i.vTaskSwitchContext)
    xPortStartScheduler                      0x08003b5d   Thumb Code   192  port.o(i.xPortStartScheduler)
    xPortSysTickHandler                      0x08003c6d   Thumb Code    38  port.o(i.xPortSysTickHandler)
    xQueueGenericCreate                      0x08003c99   Thumb Code    64  queue.o(i.xQueueGenericCreate)
    xQueueGenericReset                       0x08003d05   Thumb Code   130  queue.o(i.xQueueGenericReset)
    xTaskCreate                              0x08003db9   Thumb Code    96  tasks.o(i.xTaskCreate)
    xTaskGetSchedulerState                   0x08003e19   Thumb Code    24  tasks.o(i.xTaskGetSchedulerState)
    xTaskGetTickCount                        0x08003e35   Thumb Code     6  tasks.o(i.xTaskGetTickCount)
    xTaskIncrementTick                       0x08003e41   Thumb Code   192  tasks.o(i.xTaskIncrementTick)
    xTaskRemoveFromEventList                 0x08003f35   Thumb Code   108  tasks.o(i.xTaskRemoveFromEventList)
    xTaskResumeAll                           0x08003fd9   Thumb Code   184  tasks.o(i.xTaskResumeAll)
    auchCRCHi                                0x080040cc   Data         256  bsp_modbus.o(.constdata)
    auchCRCLo                                0x080041cc   Data         256  bsp_modbus.o(.constdata)
    Region$$Table$$Base                      0x080042cc   Number         0  anon$$obj.o(Region$$Table)
    Region$$Table$$Limit                     0x080042ec   Number         0  anon$$obj.o(Region$$Table)
    SystemCoreClock                          0x20000000   Data           4  system_stm32f4xx.o(.data)
    AHBPrescTable                            0x20000004   Data          16  system_stm32f4xx.o(.data)
    BinarySem_Get_Camera_Handle              0x20000030   Data           4  main.o(.data)
    ucTemp1                                  0x2000003c   Data           1  stm32f4xx_it.o(.data)
    SCREEN_RX_Over_flag                      0x2000003d   Data           1  bsp_debug_usart.o(.data)
    SCREEN_RX_Num                            0x2000003e   Data           1  bsp_debug_usart.o(.data)
    SCREEN_DATA_END                          0x2000003f   Data           1  bsp_debug_usart.o(.data)
    HC_RX_Over_flag                          0x20000040   Data           1  bsp_debug_usart.o(.data)
    HC_RX_Num                                0x20000041   Data           1  bsp_debug_usart.o(.data)
    HC_DATA_END                              0x20000042   Data           1  bsp_debug_usart.o(.data)
    CAMERA_Start_RX_flag                     0x20000043   Data           1  bsp_debug_usart.o(.data)
    CAMERA_RX_Num                            0x20000044   Data           1  bsp_debug_usart.o(.data)
    mail_box                                 0x20000046   Data           1  bsp_test_can.o(.data)
    Speed_Sum                                0x20000047   Data           1  bsp_test_can.o(.data)
    Turn_Sum                                 0x20000048   Data           2  bsp_test_can.o(.data)
    car_Data                                 0x2000004a   Data           8  bsp_test_can.o(.data)
    rec_flag                                 0x20000052   Data           1  bsp_test_can.o(.data)
    pxCurrentTCB                             0x200000b0   Data           4  tasks.o(.data)
    __stdout                                 0x20000110   Data           4  stdout.o(.data)
    SCREEN_RX_BUF                            0x20000114   Data          30  bsp_debug_usart.o(.bss)
    HC_RX_BUF                                0x20000132   Data          30  bsp_debug_usart.o(.bss)
    CAMERA_RX_BUF                            0x20000150   Data          30  bsp_debug_usart.o(.bss)
    test_TxMsg                               0x20000170   Data          20  bsp_test_can.o(.bss)
    test_RxMsg                               0x20000184   Data          20  bsp_test_can.o(.bss)
    __initial_sp                             0x20009880   Data           0  startup_stm32f40xx.o(STACK)



==============================================================================

Memory Map of the image

  Image Entry point : 0x08000189

  Load Region LR_IROM1 (Base: 0x08000000, Size: 0x00004400, Max: 0x00100000, ABSOLUTE)

    Execution Region ER_IROM1 (Exec base: 0x08000000, Load base: 0x08000000, Size: 0x000042ec, Max: 0x00100000, ABSOLUTE)

    Exec Addr    Load Addr    Size         Type   Attr      Idx    E Section Name        Object

    0x08000000   0x08000000   0x00000188   Data   RO            3    RESET               startup_stm32f40xx.o
    0x08000188   0x08000188   0x00000000   Code   RO         6239  * .ARM.Collect$$$$00000000  mc_w.l(entry.o)
    0x08000188   0x08000188   0x00000004   Code   RO         6521    .ARM.Collect$$$$00000001  mc_w.l(entry2.o)
    0x0800018c   0x0800018c   0x00000004   Code   RO         6524    .ARM.Collect$$$$00000004  mc_w.l(entry5.o)
    0x08000190   0x08000190   0x00000000   Code   RO         6526    .ARM.Collect$$$$00000008  mc_w.l(entry7b.o)
    0x08000190   0x08000190   0x00000000   Code   RO         6528    .ARM.Collect$$$$0000000A  mc_w.l(entry8b.o)
    0x08000190   0x08000190   0x00000008   Code   RO         6529    .ARM.Collect$$$$0000000B  mc_w.l(entry9a.o)
    0x08000198   0x08000198   0x00000000   Code   RO         6531    .ARM.Collect$$$$0000000D  mc_w.l(entry10a.o)
    0x08000198   0x08000198   0x00000000   Code   RO         6533    .ARM.Collect$$$$0000000F  mc_w.l(entry11a.o)
    0x08000198   0x08000198   0x00000004   Code   RO         6522    .ARM.Collect$$$$00002712  mc_w.l(entry2.o)
    0x0800019c   0x0800019c   0x000000b6   Code   RO         6092    .emb_text           port.o
    0x08000252   0x08000252   0x00000002   PAD
    0x08000254   0x08000254   0x00000024   Code   RO            4    .text               startup_stm32f40xx.o
    0x08000278   0x08000278   0x0000014e   Code   RO         6507    .text               mf_w.l(dadd.o)
    0x080003c6   0x080003c6   0x000000de   Code   RO         6509    .text               mf_w.l(ddiv.o)
    0x080004a4   0x080004a4   0x00000022   Code   RO         6511    .text               mf_w.l(dflti.o)
    0x080004c6   0x080004c6   0x0000001a   Code   RO         6513    .text               mf_w.l(dfltui.o)
    0x080004e0   0x080004e0   0x0000003e   Code   RO         6515    .text               mf_w.l(dfixi.o)
    0x0800051e   0x0800051e   0x00000002   PAD
    0x08000520   0x08000520   0x00000030   Code   RO         6517    .text               mf_w.l(cdcmple.o)
    0x08000550   0x08000550   0x00000030   Code   RO         6519    .text               mf_w.l(cdrcmple.o)
    0x08000580   0x08000580   0x0000002c   Code   RO         6536    .text               mc_w.l(uidiv.o)
    0x080005ac   0x080005ac   0x00000062   Code   RO         6538    .text               mc_w.l(uldiv.o)
    0x0800060e   0x0800060e   0x0000001e   Code   RO         6540    .text               mc_w.l(llshl.o)
    0x0800062c   0x0800062c   0x00000020   Code   RO         6542    .text               mc_w.l(llushr.o)
    0x0800064c   0x0800064c   0x00000024   Code   RO         6544    .text               mc_w.l(llsshr.o)
    0x08000670   0x08000670   0x00000000   Code   RO         6546    .text               mc_w.l(iusefp.o)
    0x08000670   0x08000670   0x000000ba   Code   RO         6547    .text               mf_w.l(depilogue.o)
    0x0800072a   0x0800072a   0x000000e4   Code   RO         6549    .text               mf_w.l(dmul.o)
    0x0800080e   0x0800080e   0x00000030   Code   RO         6551    .text               mf_w.l(dfixul.o)
    0x0800083e   0x0800083e   0x00000002   PAD
    0x08000840   0x08000840   0x00000024   Code   RO         6553    .text               mc_w.l(init.o)
    0x08000864   0x08000864   0x0000015c   Code   RO         4765    i.AppTaskCreate     main.o
    0x080009c0   0x080009c0   0x00000022   Code   RO         4766    i.BSP_Init          main.o
    0x080009e2   0x080009e2   0x00000038   Code   RO         5031    i.BSP_USART_Config  bsp_debug_usart.o
    0x08000a1a   0x08000a1a   0x00000002   Code   RO         4884    i.BusFault_Handler  stm32f4xx_it.o
    0x08000a1c   0x08000a1c   0x000000e0   Code   RO         4767    i.CAMERA_Task       main.o
    0x08000afc   0x08000afc   0x000000c4   Code   RO         5032    i.CAMERA_USART_Config  bsp_debug_usart.o
    0x08000bc0   0x08000bc0   0x0000003c   Code   RO         4885    i.CAN2_RX0_IRQHandler  stm32f4xx_it.o
    0x08000bfc   0x08000bfc   0x000000b4   Code   RO         5207    i.CAN_Config        bsp_test_can.o
    0x08000cb0   0x08000cb0   0x000000d4   Code   RO          459    i.CAN_FilterInit    stm32f4xx_can.o
    0x08000d84   0x08000d84   0x00000038   Code   RO         5208    i.CAN_Filter_Config  bsp_test_can.o
    0x08000dbc   0x08000dbc   0x000000cc   Code   RO          461    i.CAN_GetITStatus   stm32f4xx_can.o
    0x08000e88   0x08000e88   0x00000014   Code   RO          465    i.CAN_ITConfig      stm32f4xx_can.o
    0x08000e9c   0x08000e9c   0x00000104   Code   RO          466    i.CAN_Init          stm32f4xx_can.o
    0x08000fa0   0x08000fa0   0x00000082   Code   RO          469    i.CAN_Receive       stm32f4xx_can.o
    0x08001022   0x08001022   0x000000b6   Code   RO          474    i.CAN_Transmit      stm32f4xx_can.o
    0x080010d8   0x080010d8   0x00000088   Code   RO          475    i.CAN_TransmitStatus  stm32f4xx_can.o
    0x08001160   0x08001160   0x00000048   Code   RO         4768    i.CAR_CAN_Task      main.o
    0x080011a8   0x080011a8   0x0000002c   Code   RO         5325    i.CalCrcFast        bsp_modbus.o
    0x080011d4   0x080011d4   0x0000000c   Code   RO          477    i.CheckITStatus     stm32f4xx_can.o
    0x080011e0   0x080011e0   0x00000002   Code   RO         4886    i.DebugMon_Handler  stm32f4xx_it.o
    0x080011e2   0x080011e2   0x00000002   PAD
    0x080011e4   0x080011e4   0x000000a4   Code   RO         5033    i.Debug_USART_Config  bsp_debug_usart.o
    0x08001288   0x08001288   0x0000002c   Code   RO         4887    i.EXTI0_IRQHandler  stm32f4xx_it.o
    0x080012b4   0x080012b4   0x0000002c   Code   RO         4888    i.EXTI15_10_IRQHandler  stm32f4xx_it.o
    0x080012e0   0x080012e0   0x0000000c   Code   RO         1344    i.EXTI_ClearITPendingBit  stm32f4xx_exti.o
    0x080012ec   0x080012ec   0x00000014   Code   RO         1348    i.EXTI_GetITStatus  stm32f4xx_exti.o
    0x08001300   0x08001300   0x00000074   Code   RO         1349    i.EXTI_Init         stm32f4xx_exti.o
    0x08001374   0x08001374   0x00000080   Code   RO         4996    i.EXTI_Key_Config   bsp_key.o
    0x080013f4   0x080013f4   0x0000007c   Code   RO         1857    i.GPIO_Init         stm32f4xx_gpio.o
    0x08001470   0x08001470   0x00000020   Code   RO         1858    i.GPIO_PinAFConfig  stm32f4xx_gpio.o
    0x08001490   0x08001490   0x000000ac   Code   RO         5034    i.Gripper_UART_Config  bsp_debug_usart.o
    0x0800153c   0x0800153c   0x000000a4   Code   RO         5035    i.HC_UART_Config    bsp_debug_usart.o
    0x080015e0   0x080015e0   0x00000002   Code   RO         4889    i.HardFault_Handler  stm32f4xx_it.o
    0x080015e2   0x080015e2   0x00000002   PAD
    0x080015e4   0x080015e4   0x00000058   Code   RO         4972    i.LED_GPIO_Config   bsp_led.o
    0x0800163c   0x0800163c   0x00000002   Code   RO         4890    i.MemManage_Handler  stm32f4xx_it.o
    0x0800163e   0x0800163e   0x00000002   Code   RO         4891    i.NMI_Handler       stm32f4xx_it.o
    0x08001640   0x08001640   0x0000002c   Code   RO         4998    i.NVIC_Configuration  bsp_key.o
    0x0800166c   0x0800166c   0x00000070   Code   RO         5036    i.NVIC_Configuration  bsp_debug_usart.o
    0x080016dc   0x080016dc   0x00000020   Code   RO         5209    i.NVIC_Configuration  bsp_test_can.o
    0x080016fc   0x080016fc   0x00000068   Code   RO          155    i.NVIC_Init         misc.o
    0x08001764   0x08001764   0x00000014   Code   RO          156    i.NVIC_PriorityGroupConfig  misc.o
    0x08001778   0x08001778   0x0000001c   Code   RO         2561    i.RCC_AHB1PeriphClockCmd  stm32f4xx_rcc.o
    0x08001794   0x08001794   0x0000001c   Code   RO         2570    i.RCC_APB1PeriphClockCmd  stm32f4xx_rcc.o
    0x080017b0   0x080017b0   0x0000001c   Code   RO         2573    i.RCC_APB2PeriphClockCmd  stm32f4xx_rcc.o
    0x080017cc   0x080017cc   0x000000a4   Code   RO         2582    i.RCC_GetClocksFreq  stm32f4xx_rcc.o
    0x08001870   0x08001870   0x000000b8   Code   RO         4769    i.SCREEN_HC_Task    main.o
    0x08001928   0x08001928   0x000000d8   Code   RO         5037    i.SCREEN_USART_Config  bsp_debug_usart.o
    0x08001a00   0x08001a00   0x0000002c   Code   RO         3884    i.SYSCFG_EXTILineConfig  stm32f4xx_syscfg.o
    0x08001a2c   0x08001a2c   0x00000040   Code   RO         5326    i.Send_Data_modbus  bsp_modbus.o
    0x08001a6c   0x08001a6c   0x00000140   Code   RO         5329    i.Send_Msg_toRobot_HoldReg  bsp_modbus.o
    0x08001bac   0x08001bac   0x000000b8   Code   RO           13    i.SetSysClock       system_stm32f4xx.o
    0x08001c64   0x08001c64   0x00000014   Code   RO         4892    i.SysTick_Handler   stm32f4xx_it.o
    0x08001c78   0x08001c78   0x0000005c   Code   RO           15    i.SystemInit        system_stm32f4xx.o
    0x08001cd4   0x08001cd4   0x0000005c   Code   RO         5038    i.UART4_IRQHandler  bsp_debug_usart.o
    0x08001d30   0x08001d30   0x00000040   Code   RO         5039    i.UART5_IRQHandler  bsp_debug_usart.o
    0x08001d70   0x08001d70   0x00000034   Code   RO         4893    i.USART1_IRQHandler  stm32f4xx_it.o
    0x08001da4   0x08001da4   0x0000005c   Code   RO         5040    i.USART2_IRQHandler  bsp_debug_usart.o
    0x08001e00   0x08001e00   0x00000018   Code   RO         4511    i.USART_Cmd         stm32f4xx_usart.o
    0x08001e18   0x08001e18   0x0000000e   Code   RO         4514    i.USART_GetFlagStatus  stm32f4xx_usart.o
    0x08001e26   0x08001e26   0x00000040   Code   RO         4515    i.USART_GetITStatus  stm32f4xx_usart.o
    0x08001e66   0x08001e66   0x00000036   Code   RO         4517    i.USART_ITConfig    stm32f4xx_usart.o
    0x08001e9c   0x08001e9c   0x000000bc   Code   RO         4518    i.USART_Init        stm32f4xx_usart.o
    0x08001f58   0x08001f58   0x00000008   Code   RO         4525    i.USART_ReceiveData  stm32f4xx_usart.o
    0x08001f60   0x08001f60   0x00000008   Code   RO         4528    i.USART_SendData    stm32f4xx_usart.o
    0x08001f68   0x08001f68   0x00000002   Code   RO         4894    i.UsageFault_Handler  stm32f4xx_it.o
    0x08001f6a   0x08001f6a   0x00000018   Code   RO         5041    i.Usart_SendByte    bsp_debug_usart.o
    0x08001f82   0x08001f82   0x0000001e   Code   RO         5043    i.Usart_SendStr_length  bsp_debug_usart.o
    0x08001fa0   0x08001fa0   0x00000026   Code   RO         5044    i.Usart_SendString  bsp_debug_usart.o
    0x08001fc6   0x08001fc6   0x00000002   PAD
    0x08001fc8   0x08001fc8   0x00000020   Code   RO         6479    i.__0printf         mc_w.l(printfa.o)
    0x08001fe8   0x08001fe8   0x0000000e   Code   RO         6557    i.__scatterload_copy  mc_w.l(handlers.o)
    0x08001ff6   0x08001ff6   0x00000002   Code   RO         6558    i.__scatterload_null  mc_w.l(handlers.o)
    0x08001ff8   0x08001ff8   0x0000000e   Code   RO         6559    i.__scatterload_zeroinit  mc_w.l(handlers.o)
    0x08002006   0x08002006   0x00000002   PAD
    0x08002008   0x08002008   0x00000184   Code   RO         6486    i._fp_digits        mc_w.l(printfa.o)
    0x0800218c   0x0800218c   0x000006dc   Code   RO         6487    i._printf_core      mc_w.l(printfa.o)
    0x08002868   0x08002868   0x00000024   Code   RO         6488    i._printf_post_padding  mc_w.l(printfa.o)
    0x0800288c   0x0800288c   0x0000002e   Code   RO         6489    i._printf_pre_padding  mc_w.l(printfa.o)
    0x080028ba   0x080028ba   0x00000002   PAD
    0x080028bc   0x080028bc   0x00000040   Code   RO         5210    i.add_Speed         bsp_test_can.o
    0x080028fc   0x080028fc   0x00000028   Code   RO         5211    i.car_Init          bsp_test_can.o
    0x08002924   0x08002924   0x00000066   Code   RO         5330    i.data2hex          bsp_modbus.o
    0x0800298a   0x0800298a   0x00000014   Code   RO         5183    i.delay_us          delay.o
    0x0800299e   0x0800299e   0x00000002   PAD
    0x080029a0   0x080029a0   0x00000024   Code   RO         5046    i.fputc             bsp_debug_usart.o
    0x080029c4   0x080029c4   0x0000002c   Code   RO         5047    i.get_USART3        bsp_debug_usart.o
    0x080029f0   0x080029f0   0x000000c4   Code   RO         5382    i.init_Robot_Gripper  bsp_robot_gripper.o
    0x08002ab4   0x08002ab4   0x00000200   Code   RO         5048    i.judge_Screen_Res  bsp_debug_usart.o
    0x08002cb4   0x08002cb4   0x00000084   Code   RO         5212    i.left_Turn         bsp_test_can.o
    0x08002d38   0x08002d38   0x0000009c   Code   RO         4770    i.main              main.o
    0x08002dd4   0x08002dd4   0x00000070   Code   RO         5778    i.prvAddCurrentTaskToDelayedList  tasks.o
    0x08002e44   0x08002e44   0x00000088   Code   RO         5779    i.prvAddNewTaskToReadyList  tasks.o
    0x08002ecc   0x08002ecc   0x00000054   Code   RO         5780    i.prvCheckTasksWaitingTermination  tasks.o
    0x08002f20   0x08002f20   0x00000014   Code   RO         5781    i.prvDeleteTCB      tasks.o
    0x08002f34   0x08002f34   0x0000004c   Code   RO         6181    i.prvHeapInit       heap_4.o
    0x08002f80   0x08002f80   0x00000028   Code   RO         5782    i.prvIdleTask       tasks.o
    0x08002fa8   0x08002fa8   0x00000020   Code   RO         5588    i.prvInitialiseNewQueue  queue.o
    0x08002fc8   0x08002fc8   0x000000b4   Code   RO         5783    i.prvInitialiseNewTask  tasks.o
    0x0800307c   0x0800307c   0x00000058   Code   RO         5784    i.prvInitialiseTaskLists  tasks.o
    0x080030d4   0x080030d4   0x00000054   Code   RO         6182    i.prvInsertBlockIntoFreeList  heap_4.o
    0x08003128   0x08003128   0x00000024   Code   RO         5785    i.prvResetNextTaskUnblockTime  tasks.o
    0x0800314c   0x0800314c   0x00000064   Code   RO         6093    i.prvTaskExitError  port.o
    0x080031b0   0x080031b0   0x0000010c   Code   RO         6183    i.pvPortMalloc      heap_4.o
    0x080032bc   0x080032bc   0x00000024   Code   RO         6094    i.pxPortInitialiseStack  port.o
    0x080032e0   0x080032e0   0x00000084   Code   RO         5213    i.right_Turn        bsp_test_can.o
    0x08003364   0x08003364   0x000000b4   Code   RO         5214    i.sandMassage       bsp_test_can.o
    0x08003418   0x08003418   0x00000188   Code   RO         5297    i.sand_Robot_Arm_Info  bsp_robot_arm.o
    0x080035a0   0x080035a0   0x00000024   Code   RO         5215    i.stop_Car          bsp_test_can.o
    0x080035c4   0x080035c4   0x00000040   Code   RO         5216    i.sub_Speed         bsp_test_can.o
    0x08003604   0x08003604   0x00000024   Code   RO         5537    i.uxListRemove      list.o
    0x08003628   0x08003628   0x00000016   Code   RO         5538    i.vListInitialise   list.o
    0x0800363e   0x0800363e   0x00000006   Code   RO         5539    i.vListInitialiseItem  list.o
    0x08003644   0x08003644   0x00000030   Code   RO         5540    i.vListInsert       list.o
    0x08003674   0x08003674   0x00000018   Code   RO         5541    i.vListInsertEnd    list.o
    0x0800368c   0x0800368c   0x00000078   Code   RO         6096    i.vPortEnterCritical  port.o
    0x08003704   0x08003704   0x00000068   Code   RO         6097    i.vPortExitCritical  port.o
    0x0800376c   0x0800376c   0x0000009c   Code   RO         6184    i.vPortFree         heap_4.o
    0x08003808   0x08003808   0x00000020   Code   RO         6098    i.vPortSetupTimerInterrupt  port.o
    0x08003828   0x08003828   0x00000078   Code   RO         5792    i.vTaskDelay        tasks.o
    0x080038a0   0x080038a0   0x000000bc   Code   RO         5793    i.vTaskDelayUntil   tasks.o
    0x0800395c   0x0800395c   0x000000d4   Code   RO         5794    i.vTaskDelete       tasks.o
    0x08003a30   0x08003a30   0x00000094   Code   RO         5803    i.vTaskStartScheduler  tasks.o
    0x08003ac4   0x08003ac4   0x00000010   Code   RO         5805    i.vTaskSuspendAll   tasks.o
    0x08003ad4   0x08003ad4   0x00000088   Code   RO         5806    i.vTaskSwitchContext  tasks.o
    0x08003b5c   0x08003b5c   0x00000110   Code   RO         6100    i.xPortStartScheduler  port.o
    0x08003c6c   0x08003c6c   0x0000002c   Code   RO         6101    i.xPortSysTickHandler  port.o
    0x08003c98   0x08003c98   0x0000006c   Code   RO         5601    i.xQueueGenericCreate  queue.o
    0x08003d04   0x08003d04   0x000000b4   Code   RO         5603    i.xQueueGenericReset  queue.o
    0x08003db8   0x08003db8   0x00000060   Code   RO         5808    i.xTaskCreate       tasks.o
    0x08003e18   0x08003e18   0x0000001c   Code   RO         5811    i.xTaskGetSchedulerState  tasks.o
    0x08003e34   0x08003e34   0x0000000c   Code   RO         5812    i.xTaskGetTickCount  tasks.o
    0x08003e40   0x08003e40   0x000000f4   Code   RO         5814    i.xTaskIncrementTick  tasks.o
    0x08003f34   0x08003f34   0x000000a4   Code   RO         5817    i.xTaskRemoveFromEventList  tasks.o
    0x08003fd8   0x08003fd8   0x000000f4   Code   RO         5819    i.xTaskResumeAll    tasks.o
    0x080040cc   0x080040cc   0x00000200   Data   RO         5331    .constdata          bsp_modbus.o
    0x080042cc   0x080042cc   0x00000020   Data   RO         6555    Region$$Table       anon$$obj.o


    Execution Region RW_IRAM1 (Exec base: 0x20000000, Load base: 0x080042ec, Size: 0x00009880, Max: 0x00020000, ABSOLUTE)

    Exec Addr    Load Addr    Size         Type   Attr      Idx    E Section Name        Object

    0x20000000   0x080042ec   0x00000014   Data   RW           16    .data               system_stm32f4xx.o
    0x20000014   0x08004300   0x00000010   Data   RW         2614    .data               stm32f4xx_rcc.o
    0x20000024   0x08004310   0x00000018   Data   RW         4771    .data               main.o
    0x2000003c   0x08004328   0x00000001   Data   RW         4895    .data               stm32f4xx_it.o
    0x2000003d   0x08004329   0x00000006   Data   RW         5052    .data               bsp_debug_usart.o
    0x20000043   0x0800432f   0x00000001   Data   RW         5056    .data               bsp_debug_usart.o
    0x20000044   0x08004330   0x00000001   Data   RW         5057    .data               bsp_debug_usart.o
    0x20000045   0x08004331   0x00000001   PAD
    0x20000046   0x08004332   0x0000000c   Data   RW         5221    .data               bsp_test_can.o
    0x20000052   0x0800433e   0x00000001   Data   RW         5224    .data               bsp_test_can.o
    0x20000053   0x0800433f   0x00000008   Data   RW         5332    .data               bsp_modbus.o
    0x2000005b   0x08004347   0x00000054   Data   RW         5383    .data               bsp_robot_gripper.o
    0x200000af   0x0800439b   0x00000001   PAD
    0x200000b0   0x0800439c   0x0000003c   Data   RW         5822    .data               tasks.o
    0x200000ec   0x080043d8   0x0000000c   Data   RW         6102    .data               port.o
    0x200000f8   0x080043e4   0x00000018   Data   RW         6189    .data               heap_4.o
    0x20000110   0x080043fc   0x00000004   Data   RW         6535    .data               mc_w.l(stdout.o)
    0x20000114        -       0x0000003c   Zero   RW         5049    .bss                bsp_debug_usart.o
    0x20000150        -       0x0000001e   Zero   RW         5050    .bss                bsp_debug_usart.o
    0x2000016e   0x08004400   0x00000002   PAD
    0x20000170        -       0x00000014   Zero   RW         5217    .bss                bsp_test_can.o
    0x20000184        -       0x00000014   Zero   RW         5218    .bss                bsp_test_can.o
    0x20000198        -       0x000002e4   Zero   RW         5821    .bss                tasks.o
    0x2000047c        -       0x00009000   Zero   RW         6188    .bss                heap_4.o
    0x2000947c   0x08004400   0x00000004   PAD
    0x20009480        -       0x00000400   Zero   RW            1    STACK               startup_stm32f40xx.o


==============================================================================

Image component sizes


      Code (inc. data)   RO Data    RW Data    ZI Data      Debug   Object Name

      2012        330          0          8         90      14879   bsp_debug_usart.o
       172          8          0          0          0       1222   bsp_key.o
        88          4          0          0          0        630   bsp_led.o
       530         66        512          8          0       4013   bsp_modbus.o
       392         78          0          0          0       1178   bsp_robot_arm.o
       196         18          0         84          0       1449   bsp_robot_gripper.o
       916        150          0         13         40       8314   bsp_test_can.o
        20          0          0          0          0        595   delay.o
         0          0          0          0          0       6664   event_groups.o
       584        138          0         24      36864       4347   heap_4.o
       136          0          0          0          0       3522   list.o
      1018        458          0         24          0      19205   main.o
       124         16          0          0          0       1919   misc.o
       890        314          0         12          0      10456   port.o
       320         94          0          0          0       4215   queue.o
        36          8        392          0       1024        996   startup_stm32f40xx.o
      1156         34          0          0          0       7991   stm32f4xx_can.o
       148         16          0          0          0       2652   stm32f4xx_exti.o
       156          0          0          0          0       2107   stm32f4xx_gpio.o
       232         36          0          1          0       6185   stm32f4xx_it.o
       248         34          0         16          0       5475   stm32f4xx_rcc.o
        44          6          0          0          0        764   stm32f4xx_syscfg.o
       360          8          0          0          0       6633   stm32f4xx_usart.o
       276         34          0         20          0     285345   system_stm32f4xx.o
      2304        570          0         60        740      26889   tasks.o

    ----------------------------------------------------------------------
     12368       2420        936        272      38764     427645   Object Totals
         0          0         32          0          0          0   (incl. Generated)
        10          0          0          2          6          0   (incl. Padding)

    ----------------------------------------------------------------------

      Code (inc. data)   RO Data    RW Data    ZI Data      Debug   Library Member Name

         0          0          0          0          0          0   entry.o
         0          0          0          0          0          0   entry10a.o
         0          0          0          0          0          0   entry11a.o
         8          4          0          0          0          0   entry2.o
         4          0          0          0          0          0   entry5.o
         0          0          0          0          0          0   entry7b.o
         0          0          0          0          0          0   entry8b.o
         8          4          0          0          0          0   entry9a.o
        30          0          0          0          0          0   handlers.o
        36          8          0          0          0         68   init.o
         0          0          0          0          0          0   iusefp.o
        30          0          0          0          0         68   llshl.o
        36          0          0          0          0         68   llsshr.o
        32          0          0          0          0         68   llushr.o
      2258         90          0          0          0        452   printfa.o
         0          0          0          4          0          0   stdout.o
        44          0          0          0          0         80   uidiv.o
        98          0          0          0          0         92   uldiv.o
        48          0          0          0          0         68   cdcmple.o
        48          0          0          0          0         68   cdrcmple.o
       334          0          0          0          0        148   dadd.o
       222          0          0          0          0        100   ddiv.o
       186          0          0          0          0        176   depilogue.o
        62          0          0          0          0         80   dfixi.o
        48          0          0          0          0         68   dfixul.o
        34          0          0          0          0         76   dflti.o
        26          0          0          0          0         76   dfltui.o
       228          0          0          0          0         96   dmul.o

    ----------------------------------------------------------------------
      3828        106          0          4          0       1852   Library Totals
         8          0          0          0          0          0   (incl. Padding)

    ----------------------------------------------------------------------

      Code (inc. data)   RO Data    RW Data    ZI Data      Debug   Library Name

      2584        106          0          4          0        896   mc_w.l
      1236          0          0          0          0        956   mf_w.l

    ----------------------------------------------------------------------
      3828        106          0          4          0       1852   Library Totals

    ----------------------------------------------------------------------

==============================================================================


      Code (inc. data)   RO Data    RW Data    ZI Data      Debug   

     16196       2526        936        276      38764     417113   Grand Totals
     16196       2526        936        276      38764     417113   ELF Image Totals
     16196       2526        936        276          0          0   ROM Totals

==============================================================================

    Total RO  Size (Code + RO Data)                17132 (  16.73kB)
    Total RW  Size (RW Data + ZI Data)             39040 (  38.13kB)
    Total ROM Size (Code + RO Data + RW Data)      17408 (  17.00kB)

==============================================================================

